,02-06 18:52:02.775 D/PkgData (31756): PkgData(), pkgName: com.heroescompanion.app
02-06 18:52:02.775 D/PkgData (31756): setCustomFeatureFlag, pkgName: com.heroescompanion.app, old featureFlag: 274882278167, new featureFlag: 274882278167
,02-06 18:52:02.775 D/AlarmManager( 2924): Cancel Alarm calling from uid:15010020 pid :31878 / operation:PendingIntent{44505be: PendingIntentRecord{7e97086 com.google.android.gms broadcastIntent}}
,02-06 18:52:02.775 D/AlarmManager( 2924): Cancel Alarm calling from uid:15010020 pid :31878 / operation:PendingIntent{817861f: PendingIntentRecord{117d974 com.google.android.gms broadcastIntent}}
02-06 18:52:02.775 D/TimaKeystoreService( 2924): <isTimaKeystoreEnabledInDB - get current info>
02-06 18:52:02.775 D/TimaKeystoreService( 2924): isTimaKeystoreEnabledInDB. TimaKeystoreEnabled.
,02-06 18:52:02.775 W/SmartCardPolicy( 2924): SmartCardEmailPolicy API [0,10050] 
02-06 18:52:02.775 W/SmartCardEmailPolicy( 2924): isAuthenticationEnabled()
,02-06 18:52:02.785 W/SmartCardEmailPolicy( 2924): getEmailAcctCountAsUser() count =0
,02-06 18:52:02.785 D/DevicePolicyManagerService( 2924): DevicePolicyManagerService.checkCallerPermissionFor(getProfileOwner)
02-06 18:52:02.785 D/DevicePolicyManagerService( 2924): PfW getPlayForWorkProxy() 0
,02-06 18:52:02.785 D/AlarmManager( 2924): Cancel Alarm calling from uid:15010020 pid :31878 / operation:PendingIntent{7dbbd6c: PendingIntentRecord{2dc0f12 com.google.android.gms broadcastIntent}}
,02-06 18:52:02.785 D/AlarmManager( 2924): Cancel Alarm calling from uid:15010020 pid :31878 / operation:PendingIntent{9cebf35: PendingIntentRecord{e9318e0 com.google.android.gms broadcastIntent}}
,02-06 18:52:02.785 D/DevicePolicyManagerService( 2924): PfW getPlayForWorkProxy() flags & FLAG_ALLOW_PROXY_FOR_PFW 0
02-06 18:52:02.785 D/ActivityManager( 2924): cleanUpApplicationRecord -- 31314
02-06 18:52:02.785 D/DevicePolicyManagerService( 2924): PfW getPlayForWorkProxy() flag 0 does not allow PfW
02-06 18:52:02.785 D/AlarmManager( 2924): Cancel Alarm calling from uid:15010020 pid :31878 / operation:PendingIntent{347bfca: PendingIntentRecord{8e80a5e com.google.android.gms broadcastIntent}}
02-06 18:52:02.785 W/System.err(31878): remove failed: ENOENT (No such file or directory) : /data/user/150/com.google.android.gms/files/nlp_state
02-06 18:52:02.785 D/ActivityManager( 2924): removeProcessNameLocked mProcessNames.remove pid=31314 ,hash=2694867 ,name=com.samsung.android.smartcallprovider
,02-06 18:52:02.785 W/System.err(31878): remove failed: ENOENT (No such file or directory) : /data/user/150/com.google.android.gms/cache/nlp_devices
02-06 18:52:02.785 W/System.err(31878): remove failed: ENOENT (No such file or directory) : /data/user/150/com.google.android.gms/files/nlp_ioh
02-06 18:52:02.785 W/System.err(31878): remove failed: ENOENT (No such file or directory) : /data/user/150/com.google.android.gms/cache/nlp_s
02-06 18:52:02.785 W/System.err(31878): remove failed: ENOENT (No such file or directory) : /data/user/150/com.google.android.gms/cache/nlp_GlsPlatformKey
,02-06 18:52:02.785 D/DatabaseHelper(31756): updateOrAddPkgData(), update com.heroescompanion.app
,02-06 18:52:02.785 D/PkgData (31756): PkgData(), pkgName: com.sec.android.gallery3d
02-06 18:52:02.785 D/PkgData (31756): setCustomFeatureFlag, pkgName: com.sec.android.gallery3d, old featureFlag: 274882278167, new featureFlag: 274882278167
,02-06 18:52:02.795 D/DevicePolicyManagerService( 2924): DevicePolicyManagerService.checkCallerPermissionFor(getProfileOwner)
,02-06 18:52:02.795 D/DatabaseHelper(31756): updateOrAddPkgData(), update com.sec.android.gallery3d
,02-06 18:52:02.795 D/ApplicationPolicy( 2924): isApplicationInstalled : pkgName = com.android.vending in user 150 - true
02-06 18:52:02.795 D/DevicePolicyManagerService( 2924): PfW getProfileOwner() isVendingInstalled 150? true
,02-06 18:52:02.795 D/EnterpriseDeviceManagerService( 2924): isManagedProfileUser(): userId = 0
02-06 18:52:02.795 D/PersonaManagerService( 2924): Current admin loop :com.domobile.applock
02-06 18:52:02.795 D/ActivityThread(32085): Added TimaKeyStore provider
02-06 18:52:02.795 D/PersonaManagerService( 2924): adminAppInfo Uid :10162
02-06 18:52:02.795 D/PersonaManagerService( 2924): Current admin loop :com.domobile.applockwatcher
02-06 18:52:02.795 D/PersonaManagerService( 2924): adminAppInfo Uid :10163
02-06 18:52:02.795 D/PersonaManagerService( 2924): Current admin loop :com.sec.knox.containeragent2
02-06 18:52:02.795 D/PkgData (31756): PkgData(), pkgName: com.google.android.music
02-06 18:52:02.795 D/PkgData (31756): setCustomFeatureFlag, pkgName: com.google.android.music, old featureFlag: 274882278167, new featureFlag: 274882278167
02-06 18:52:02.795 E/PersonaManagerService( 2924): getting app info failed. package Name: com.sec.knox.containeragent2
02-06 18:52:02.795 D/PersonaManagerService( 2924): adminAppInfo Uid :-1
02-06 18:52:02.795 D/PersonaManagerService( 2924): adminPackageUid parameter: 15001000
02-06 18:52:02.795 E/PersonaManagerService( 2924): packageName: com.samsung.android.email.provider
02-06 18:52:02.795 D/PersonaManagerService( 2924): packages for uid:com.sec.android.app.sysscope
02-06 18:52:02.795 D/PersonaManagerService( 2924): packages for uid:com.sec.app.RilErrorNotifier
02-06 18:52:02.795 D/PersonaManagerService( 2924): packages for uid:com.sec.knox.knoxsetupwizardclient
02-06 18:52:02.795 D/PersonaManagerService( 2924): packages for uid:com.sec.android.easyonehand
02-06 18:52:02.795 D/PersonaManagerService( 2924): packages for uid:com.sec.android.uibcvirtualsoftkey
02-06 18:52:02.795 D/PersonaManagerService( 2924): packages for uid:com.sec.android.app.popupuireceiver
02-06 18:52:02.795 D/PersonaManagerService( 2924): packages for uid:com.samsung.android.smartface
02-06 18:52:02.795 D/PersonaManagerService( 2924): packages for uid:com.samsung.android.universalswitch
02-06 18:52:02.795 D/PersonaManagerService( 2924): packages for uid:com.sec.android.app.parser
02-06 18:52:02.795 D/PersonaManagerService( 2924): packages for uid:com.wssyncmldm
02-06 18:52:02.795 D/PersonaManagerService( 2924): packages for uid:com.sec.android.app.wlantest
02-06 18:52:02.795 D/PersonaManagerService( 2924): packages for uid:com.sec.automation
02-06 18:52:02.795 D/PersonaManagerService( 2924): packages for uid:com.samsung.android.securitylogagent
02-06 18:52:02.795 D/PersonaManagerService( 2924): packages for uid:com.samsung.android.app.withtv
02-06 18:52:02.795 D/PersonaManagerService( 2924): packages for uid:com.mobeam.barcodeService
02-06 18:52:02.795 D/PersonaManagerService( 2924): packages for uid:com.samsung.android.clipboarduiservice
02-06 18:52:02.795 D/PersonaManagerService( 2924): packages for uid:com.samsung.android.app.mirrorlink
02-06 18:52:02.795 D/PersonaManagerService( 2924): packages for uid:com.android.settings
02-06 18:52:02.795 D/PersonaManagerService( 2924): packages for uid:com.sec.android.soagent
02-06 18:52:02.795 D/PersonaManagerService( 2924): packages for uid:com.samsung.android.MtpApplication
02-06 18:52:02.795 D/PersonaManagerService( 2924): packages for uid:com.sec.imsservice
02-06 18:52:02.795 D/PersonaManagerService( 2924): packages for uid:com.samsung.aasaservice
02-06 18:52:02.795 D/PersonaManagerService( 2924): packages for uid:com.samsung.android.svcagent
02-06 18:52:02.795 D/PersonaManagerService( 2924): packages for uid:com.samsung.SMT
02-06 18:52:02.795 D/PersonaManagerService( 2924): packages for uid:com.samsung.android.app.assistantmenu
02-06 18:52:02.795 D/PersonaManagerService( 2924): packages for uid:com.wssnps
02-06 18:52:02.795 D/PersonaManagerService( 2924): packages for uid:com.sec.android.app.SecSetupWizard
02-06 18:52:02.795 D/PersonaManagerService( 2924): packages for uid:com.sec.sve
02-06 18:52:02.795 D/PersonaManagerService( 2924): packages for uid:com.sec.android.app.hwmoduletest
02-06 18:52:02.795 D/PersonaManagerService( ,2924): packages for uid:com.skms.android.agent
02-06 18:52:02.795 D/PersonaManagerService( 2924): packages for uid:com.sec.android.Kies
02-06 18:52:02.795 D/PersonaManagerService( 2924): packages for uid:com.samsung.android.sm
02-06 18:52:02.795 D/PersonaManagerService( 2924): packages for uid:com.sec.android.diagmonagent
02-06 18:52:02.795 D/PersonaManagerService( 2924): packages for uid:com.samsung.android.app.scrollcapture
02-06 18:52:02.795 D/PersonaManagerService( 2924): packages for uid:com.samsung.clipboardsaveservice
02-06 18:52:02.795 D/PersonaManagerService( 2924): packages for uid:android
02-06 18:52:02.795 D/PersonaManagerService( 2924): packages for uid:com.sec.enterprise.knox.myknoxsetupwizard
02-06 18:52:02.795 D/PersonaManagerService( 2924): packages for uid:com.trustonic.tuiservice
02-06 18:52:02.795 D/PersonaManagerService( 2924): packages for uid:com.sec.android.app.factorykeystring
02-06 18:52:02.795 D/PersonaManagerService( 2924): packages for uid:com.android.keychain
02-06 18:52:02.795 D/PersonaManagerService( 2924): packages for uid:com.android.wallpapercropper
02-06 18:52:02.795 D/PersonaManagerService( 2924): packages for uid:com.sec.modem.settings
02-06 18:52:02.795 D/PersonaManagerService( 2924): packages for uid:com.samsung.android.bbc.bbcagent
02-06 18:52:02.795 D/PersonaManagerService( 2924): packages for uid:com.sem.factoryapp
02-06 18:52:02.795 D/PersonaManagerService( 2924): packages for uid:com.sec.usbsettings
02-06 18:52:02.795 D/PersonaManagerService( 2924): packages for uid:com.sec.android.app.personalization
02-06 18:52:02.795 D/PersonaManagerService( 2924): packages for uid:com.sec.factory
02-06 18:52:02.795 D/PersonaManagerService( 2924): packages for uid:com.samsung.knox.appsupdateagent
02-06 18:52:02.795 D/PersonaManagerService( 2924): packages for uid:com.sec.knox.containeragent2
02-06 18:52:02.795 D/PersonaManagerService( 2924): packages for uid:com.samsung.android.fmm
02-06 18:52:02.795 D/PersonaManagerService( 2924): packages for uid:com.policydm
02-06 18:52:02.795 D/PersonaManagerService( 2924): packages for uid:com.samsung.android.app.colorblind
02-06 18:52:02.795 D/PersonaManagerService( 2924): packages for uid:com.samsung.android.themecenter
02-06 18:52:02.795 D/PersonaManagerService( 2924): packages for uid:com.android.inputdevices
02-06 18:52:02.795 D/PersonaManagerService( 2924): packages for uid:com.sec.android.preloadinstaller
02-06 18:52:02.795 D/PersonaManagerService( 2924): packages for uid:com.samsung.android.applock
02-06 18:52:02.795 D/PersonaManagerService( 2924): packages for uid:com.sec.android.app.servicemodeapp
02-06 18:52:02.795 D/PersonaManagerService( 2924): packages for uid:com.sec.android.emergencylauncher
02-06 18:52:02.795 D/PersonaManagerService( 2924): packages for uid:com.sec.android.app.wfdbroker
02-06 18:52:02.795 D/PersonaManagerService( 2924): packages for uid:com.sec.knox.switcher
02-06 18:52:02.795 D/PersonaManagerService( 2924): packages for uid:com.android.server.telecom
02-06 18:52:02.795 D/PersonaManagerService( 2924): packages for uid:com.samsung.imagecompress
02-06 18:52:02.795 D/PersonaManagerService( 2924): packages for uid:com.sec.android.app.mt
02-06 18:52:02.795 W/ResourcesManager( 2924): Resource getTopLevelResources for package com.samsung.android.dlp.serviceoverlayDirs =Null
02-06 18:52:02.795 D/PersonaManagerService( 2924): packages for uid:com.android.providers.settings
02-06 18:52:02.795 D/PersonaManagerService( 2924): packages for uid:com.samsung.android.app.filterinstaller
02-06 18:52:02.795 D/PersonaManagerService( 2924): packages for uid:com.samsung.ucs.agent.boot
02-06 18:52:02.795 D/PersonaManagerService( 2924): packages for uid:com.samsung.android.rlc
02-06 18:52:02.795 D/PersonaManagerService( 2924): packages for uid:com.sec.enterprise.knox.shareddevice.keyguard
02-06 18:52:02.795 D/PersonaManagerService( 2924): packages for uid:com.sec.enterprise.mdm.services.simpin
02-06 18:52:02.795 D/PersonaManagerService( 2924): packages for uid:com.sec.knox.foldercontainer
02-06 18:52,:02.795 D/PersonaManagerService( 2924): packages for uid:com.samsung.knox.kss
02-06 18:52:02.795 D/PersonaManagerService( 2924): packages for uid:com.samsung.android.fingerprint.service
02-06 18:52:02.795 D/PersonaManagerService( 2924): packages for uid:com.samsung.android.SettingsReceiver
02-06 18:52:02.795 D/PersonaManagerService( 2924): packages for uid:com.android.location.fused
02-06 18:52:02.795 D/PersonaManagerService( 2924): packages for uid:com.sec.android.app.bluetoothtest
02-06 18:52:02.795 D/PersonaManagerService( 2924): packages for uid:com.sec.bcservice
02-06 18:52:02.795 D/PersonaManagerService( 2924): packages for uid:com.sec.android.wallpapercropper2
02-06 18:52:02.795 D/PersonaManagerService( 2924): packages for uid:com.sec.android.providers.iwlansettings
02-06 18:52:02.795 D/PersonaManagerService( 2924): packages for uid:com.sec.android.providers.security
02-06 18:52:02.795 D/PersonaManagerService( 2924): packages for uid:com.samsung.android.dlp.service
02-06 18:52:02.795 D/PersonaManagerService( 2924): packages for uid:com.samsung.android.app.accesscontrol
02-06 18:52:02.795 D/PersonaManagerService( 2924): packages for uid:com.sec.factory.camera
02-06 18:52:02.795 D/PersonaManagerService( 2924): packages for uid:com.samsung.android.authservice
02-06 18:52:02.795 D/PersonaManagerService( 2924): packages for uid:com.sec.android.emergencymode.service
02-06 18:52:02.795 E/PersonaManagerService( 2924): packageName: com.samsung.android.dlp.service
02-06 18:52:02.795 D/PersonaManagerService( 2924): packages for uid:com.sec.android.app.sysscope
02-06 18:52:02.795 D/PersonaManagerService( 2924): packages for uid:com.sec.app.RilErrorNotifier
02-06 18:52:02.795 D/PersonaManagerService( 2924): packages for uid:com.sec.knox.knoxsetupwizardclient
02-06 18:52:02.795 D/PersonaManagerService( 2924): packages for uid:com.sec.android.easyonehand
02-06 18:52:02.795 D/PersonaManagerService( 2924): packages for uid:com.sec.android.uibcvirtualsoftkey
02-06 18:52:02.795 D/PersonaManagerService( 2924): packages for uid:com.sec.android.app.popupuireceiver
02-06 18:52:02.795 D/PersonaManagerService( 2924): packages for uid:com.samsung.android.smartface
02-06 18:52:02.795 D/PersonaManagerService( 2924): packages for uid:com.samsung.android.universalswitch
02-06 18:52:02.795 D/PersonaManagerService( 2924): packages for uid:com.sec.android.app.parser
02-06 18:52:02.795 D/PersonaManagerService( 2924): packages for uid:com.wssyncmldm
02-06 18:52:02.795 D/PersonaManagerService( 2924): packages for uid:com.sec.android.app.wlantest
02-06 18:52:02.795 D/PersonaManagerService( 2924): packages for uid:com.sec.automation
02-06 18:52:02.795 D/PersonaManagerService( 2924): packages for uid:com.samsung.android.securitylogagent
02-06 18:52:02.795 D/PersonaManagerService( 2924): packages for uid:com.samsung.android.app.withtv
02-06 18:52:02.795 D/PersonaManagerService( 2924): packages for uid:com.mobeam.barcodeService
02-06 18:52:02.795 D/PersonaManagerService( 2924): packages for uid:com.samsung.android.clipboarduiservice
02-06 18:52:02.795 D/PersonaManagerService( 2924): packages for uid:com.samsung.android.app.mirrorlink
02-06 18:52:02.795 D/PersonaManagerService( 2924): packages for uid:com.android.settings
02-06 18:52:02.795 D/PersonaManagerService( 2924): packages for uid:com.sec.android.soagent
02-06 18:52:02.795 D/PersonaManagerService( 2924): packages for uid:com.samsung.android.MtpApplication
02-06 18:52:02.795 D/PersonaManagerService( 2924): packages for uid:com.sec.imsservice
02-06 18:52:02.795 D/PersonaManagerService( 2924): packages for uid:com.samsung.aasaservice
02-06 18:52:02.795 D/PersonaManagerService( 2924): packages for uid:com.samsung.android.svcagent
02-06 18:52:02.795 D/PersonaManagerService( 2924): packages for uid:com.samsung.SMT
02-06 18:52:02.795 D/PersonaManagerService( 2924): packages for uid:com.samsung.android.app.assistantmenu
02-06 18:52:02.795 D/PersonaManagerService( 2924): packages for uid:com.wssnps
02-06 18:52:02.795 D/PersonaManagerService( 2924): packages for uid,:com.sec.android.app.SecSetupWizard
02-06 18:52:02.795 D/PersonaManagerService( 2924): packages for uid:com.sec.sve
02-06 18:52:02.795 D/PersonaManagerService( 2924): packages for uid:com.sec.android.app.hwmoduletest
02-06 18:52:02.795 D/PersonaManagerService( 2924): packages for uid:com.skms.android.agent
02-06 18:52:02.795 D/PersonaManagerService( 2924): packages for uid:com.sec.android.Kies
02-06 18:52:02.795 D/PersonaManagerService( 2924): packages for uid:com.samsung.android.sm
02-06 18:52:02.795 D/PersonaManagerService( 2924): packages for uid:com.sec.android.diagmonagent
02-06 18:52:02.795 D/PersonaManagerService( 2924): packages for uid:com.samsung.android.app.scrollcapture
02-06 18:52:02.795 D/PersonaManagerService( 2924): packages for uid:com.samsung.clipboardsaveservice
02-06 18:52:02.795 D/PersonaManagerService( 2924): packages for uid:android
02-06 18:52:02.795 D/PersonaManagerService( 2924): packages for uid:com.sec.enterprise.knox.myknoxsetupwizard
02-06 18:52:02.795 D/PersonaManagerService( 2924): packages for uid:com.trustonic.tuiservice
02-06 18:52:02.795 D/PersonaManagerService( 2924): packages for uid:com.sec.android.app.factorykeystring
02-06 18:52:02.795 D/PersonaManagerService( 2924): packages for uid:com.android.keychain
02-06 18:52:02.795 D/PersonaManagerService( 2924): packages for uid:com.android.wallpapercropper
02-06 18:52:02.795 D/PersonaManagerService( 2924): packages for uid:com.sec.modem.settings
02-06 18:52:02.795 D/PersonaManagerService( 2924): packages for uid:com.samsung.android.bbc.bbcagent
02-06 18:52:02.795 D/PersonaManagerService( 2924): packages for uid:com.sem.factoryapp
02-06 18:52:02.795 D/PersonaManagerService( 2924): packages for uid:com.sec.usbsettings
02-06 18:52:02.795 D/PersonaManagerService( 2924): packages for uid:com.sec.android.app.personalization
02-06 18:52:02.795 D/PersonaManagerService( 2924): packages for uid:com.sec.factory
02-06 18:52:02.795 D/PersonaManagerService( 2924): packages for uid:com.samsung.knox.appsupdateagent
02-06 18:52:02.795 D/PersonaManagerService( 2924): packages for uid:com.sec.knox.containeragent2
02-06 18:52:02.795 D/PersonaManagerService( 2924): packages for uid:com.samsung.android.fmm
02-06 18:52:02.795 D/PersonaManagerService( 2924): packages for uid:com.policydm
02-06 18:52:02.795 D/PersonaManagerService( 2924): packages for uid:com.samsung.android.app.colorblind
02-06 18:52:02.795 D/PersonaManagerService( 2924): packages for uid:com.samsung.android.themecenter
02-06 18:52:02.795 D/PersonaManagerService( 2924): packages for uid:com.android.inputdevices
02-06 18:52:02.795 D/PersonaManagerService( 2924): packages for uid:com.sec.android.preloadinstaller
02-06 18:52:02.795 D/PersonaManagerService( 2924): packages for uid:com.samsung.android.applock
02-06 18:52:02.795 D/PersonaManagerService( 2924): packages for uid:com.sec.android.app.servicemodeapp
02-06 18:52:02.795 D/PersonaManagerService( 2924): packages for uid:com.sec.android.emergencylauncher
02-06 18:52:02.795 D/PersonaManagerService( 2924): packages for uid:com.sec.android.app.wfdbroker
02-06 18:52:02.795 D/PersonaManagerService( 2924): packages for uid:com.sec.knox.switcher
02-06 18:52:02.795 D/PersonaManagerService( 2924): packages for uid:com.android.server.telecom
02-06 18:52:02.795 D/PersonaManagerService( 2924): packages for uid:com.samsung.imagecompress
02-06 18:52:02.795 D/PersonaManagerService( 2924): packages for uid:com.sec.android.app.mt
02-06 18:52:02.795 D/PersonaManagerService( 2924): packages for uid:com.android.providers.settings
02-06 18:52:02.795 D/PersonaManagerService( 2924): packages for uid:com.samsung.android.app.filterinstaller
02-06 18:52:02.795 D/PersonaManagerService( 2924): packages for uid:com.samsung.ucs.agent.boot
02-06 18:52:02.795 D/PersonaManagerService( 2924): packages for uid:com.samsung.android.rlc
02-06 18:52:02.795 D/PersonaManagerService( 2924): packages for uid:com.sec.enterprise.knox.shareddevice.keyguard
02-06 18:52:02.795 D/PersonaManagerService( 2924): packages for uid:com.sec.enterprise.mdm.,services.simpin
02-06 18:52:02.795 D/PersonaManagerService( 2924): packages for uid:com.sec.knox.foldercontainer
02-06 18:52:02.795 D/PersonaManagerService( 2924): packages for uid:com.samsung.knox.kss
02-06 18:52:02.795 D/PersonaManagerService( 2924): packages for uid:com.samsung.android.fingerprint.service
02-06 18:52:02.795 D/PersonaManagerService( 2924): packages for uid:com.samsung.android.SettingsReceiver
02-06 18:52:02.795 D/PersonaManagerService( 2924): packages for uid:com.android.location.fused
02-06 18:52:02.795 D/PersonaManagerService( 2924): packages for uid:com.sec.android.app.bluetoothtest
02-06 18:52:02.795 D/PersonaManagerService( 2924): packages for uid:com.sec.bcservice
02-06 18:52:02.795 D/PersonaManagerService( 2924): packages for uid:com.sec.android.wallpapercropper2
02-06 18:52:02.795 D/PersonaManagerService( 2924): packages for uid:com.sec.android.providers.iwlansettings
02-06 18:52:02.795 D/PersonaManagerService( 2924): packages for uid:com.sec.android.providers.security
02-06 18:52:02.795 D/PersonaManagerService( 2924): packages for uid:com.samsung.android.dlp.service
02-06 18:52:02.795 W/DeviceAdminInfo( 2924): Unknown tag under uses-policies of ComponentInfo{com.samsung.android.dlp.service/com.samsung.android.dlp.service.receiver.DLPDeviceAdminReceiver}: history-password
02-06 18:52:02.795 W/DeviceAdminInfo( 2924): Unknown tag under uses-policies of ComponentInfo{com.samsung.android.dlp.service/com.samsung.android.dlp.service.receiver.DLPDeviceAdminReceiver}: allow-attachments
02-06 18:52:02.795 W/DeviceAdminInfo( 2924): Unknown tag under uses-policies of ComponentInfo{com.samsung.android.dlp.service/com.samsung.android.dlp.service.receiver.DLPDeviceAdminReceiver}: limit-attachments
02-06 18:52:02.795 W/DeviceAdminInfo( 2924): Unknown tag under uses-policies of ComponentInfo{com.samsung.android.dlp.service/com.samsung.android.dlp.service.receiver.DLPDeviceAdminReceiver}: allow-camera
02-06 18:52:02.795 W/DeviceAdminInfo( 2924): Unknown tag under uses-policies of ComponentInfo{com.samsung.android.dlp.service/com.samsung.android.dlp.service.receiver.DLPDeviceAdminReceiver}: allow-htmlemail
02-06 18:52:02.795 W/DeviceAdminInfo( 2924): Unknown tag under uses-policies of ComponentInfo{com.samsung.android.dlp.service/com.samsung.android.dlp.service.receiver.DLPDeviceAdminReceiver}: require-manualsyncroaming
02-06 18:52:02.795 W/DeviceAdminInfo( 2924): Unknown tag under uses-policies of ComponentInfo{com.samsung.android.dlp.service/com.samsung.android.dlp.service.receiver.DLPDeviceAdminReceiver}: min-passwordcomplexchars
02-06 18:52:02.795 W/DeviceAdminInfo( 2924): Unknown tag under uses-policies of ComponentInfo{com.samsung.android.dlp.service/com.samsung.android.dlp.service.receiver.DLPDeviceAdminReceiver}: max-calendarage
02-06 18:52:02.795 W/DeviceAdminInfo( 2924): Unknown tag under uses-policies of ComponentInfo{com.samsung.android.dlp.service/com.samsung.android.dlp.service.receiver.DLPDeviceAdminReceiver}: max-emailage
02-06 18:52:02.795 W/DeviceAdminInfo( 2924): Unknown tag under uses-policies of ComponentInfo{com.samsung.android.dlp.service/com.samsung.android.dlp.service.receiver.DLPDeviceAdminReceiver}: max-emailbodytruncsize
02-06 18:52:02.795 W/DeviceAdminInfo( 2924): Unknown tag under uses-policies of ComponentInfo{com.samsung.android.dlp.service/com.samsung.android.dlp.service.receiver.DLPDeviceAdminReceiver}: max-htmlemailbodytruncsize
02-06 18:52:02.795 W/DeviceAdminInfo( 2924): Unknown tag under uses-policies of ComponentInfo{com.samsung.android.dlp.service/com.samsung.android.dlp.service.receiver.DLPDeviceAdminReceiver}: require-signedsmimemessages
02-06 18:52:02.795 W/DeviceAdminInfo( 2924): Unknown tag under uses-policies of ComponentInfo{com.samsung.android.dlp.service/com.samsung.android.dlp.service.receiver.DLPDeviceAdminReceiver}: require-encryptedsmimemessages
02-06 18:52:02.795 W/DeviceAdminInfo( 2924): Unknown tag under uses-policies of ComponentInfo{com.samsung.android.dlp.service/com.samsung.android.dlp.service.receiver.DLPDeviceAdminReceiver}: ,require-signedsmimealgorithm
02-06 18:52:02.795 W/DeviceAdminInfo( 2924): Unknown tag under uses-policies of ComponentInfo{com.samsung.android.dlp.service/com.samsung.android.dlp.service.receiver.DLPDeviceAdminReceiver}: require-encryptionsmimealgorithm
02-06 18:52:02.795 W/DeviceAdminInfo( 2924): Unknown tag under uses-policies of ComponentInfo{com.samsung.android.dlp.service/com.samsung.android.dlp.service.receiver.DLPDeviceAdminReceiver}: allow-smimeencryptionalgonegotiation
02-06 18:52:02.795 W/DeviceAdminInfo( 2924): Unknown tag under uses-policies of ComponentInfo{com.samsung.android.dlp.service/com.samsung.android.dlp.service.receiver.DLPDeviceAdminReceiver}: allow-smimesoftcerts
02-06 18:52:02.795 W/DeviceAdminInfo( 2924): Unknown tag under uses-policies of ComponentInfo{com.samsung.android.dlp.service/com.samsung.android.dlp.service.receiver.DLPDeviceAdminReceiver}: require-device-encryption
02-06 18:52:02.795 W/DeviceAdminInfo( 2924): Unknown tag under uses-policies of ComponentInfo{com.samsung.android.dlp.service/com.samsung.android.dlp.service.receiver.DLPDeviceAdminReceiver}: mdm-application
02-06 18:52:02.795 W/DeviceAdminInfo( 2924): Unknown tag under uses-policies of ComponentInfo{com.samsung.android.dlp.service/com.samsung.android.dlp.service.receiver.DLPDeviceAdminReceiver}: mdm-bluetooth
02-06 18:52:02.795 W/DeviceAdminInfo( 2924): Unknown tag under uses-policies of ComponentInfo{com.samsung.android.dlp.service/com.samsung.android.dlp.service.receiver.DLPDeviceAdminReceiver}: mdm-device-inventory
02-06 18:52:02.795 W/DeviceAdminInfo( 2924): Unknown tag under uses-policies of ComponentInfo{com.samsung.android.dlp.service/com.samsung.android.dlp.service.receiver.DLPDeviceAdminReceiver}: mdm-date-time
02-06 18:52:02.795 W/DeviceAdminInfo( 2924): Unknown tag under uses-policies of ComponentInfo{com.samsung.android.dlp.service/com.samsung.android.dlp.service.receiver.DLPDeviceAdminReceiver}: mdm-exchange-account
02-06 18:52:02.795 W/DeviceAdminInfo( 2924): Unknown tag under uses-policies of ComponentInfo{com.samsung.android.dlp.service/com.samsung.android.dlp.service.receiver.DLPDeviceAdminReceiver}: mdm-roaming
02-06 18:52:02.795 W/DeviceAdminInfo( 2924): Unknown tag under uses-policies of ComponentInfo{com.samsung.android.dlp.service/com.samsung.android.dlp.service.receiver.DLPDeviceAdminReceiver}: mdm-wifi
02-06 18:52:02.795 W/DeviceAdminInfo( 2924): Unknown tag under uses-policies of ComponentInfo{com.samsung.android.dlp.service/com.samsung.android.dlp.service.receiver.DLPDeviceAdminReceiver}: mdm-security
02-06 18:52:02.805 W/DeviceAdminInfo( 2924): Unknown tag under uses-policies of ComponentInfo{com.samsung.android.dlp.service/com.samsung.android.dlp.service.receiver.DLPDeviceAdminReceiver}: mdm-email-account
02-06 18:52:02.805 W/DeviceAdminInfo( 2924): Unknown tag under uses-policies of ComponentInfo{com.samsung.android.dlp.service/com.samsung.android.dlp.service.receiver.DLPDeviceAdminReceiver}: mdm-hardware-control
02-06 18:52:02.805 W/DeviceAdminInfo( 2924): Unknown tag under uses-policies of ComponentInfo{com.samsung.android.dlp.service/com.samsung.android.dlp.service.receiver.DLPDeviceAdminReceiver}: mdm-tethering
02-06 18:52:02.805 W/DeviceAdminInfo( 2924): Unknown tag under uses-policies of ComponentInfo{com.samsung.android.dlp.service/com.samsung.android.dlp.service.receiver.DLPDeviceAdminReceiver}: mdm-location
02-06 18:52:02.805 W/DeviceAdminInfo( 2924): Unknown tag under uses-policies of ComponentInfo{com.samsung.android.dlp.service/com.samsung.android.dlp.service.receiver.DLPDeviceAdminReceiver}: mdm-calling
02-06 18:52:02.805 W/DeviceAdminInfo( 2924): Unknown tag under uses-policies of ComponentInfo{com.samsung.android.dlp.service/com.samsung.android.dlp.service.receiver.DLPDeviceAdminReceiver}: mdm-email
02-06 18:52:02.805 W/DeviceAdminInfo( 2924): Unknown tag under uses-policies of ComponentInfo{com.samsung.android.dlp.service/com.samsung.android.dlp.service.receiver.DLPDeviceAdminReceiver}: mdm-vpn
02-06 18:52:02.805 W/DeviceAdminInfo( 2924): Unknown tag under us,es-policies of ComponentInfo{com.samsung.android.dlp.service/com.samsung.android.dlp.service.receiver.DLPDeviceAdminReceiver}: mdm-apn-settings
02-06 18:52:02.805 W/DeviceAdminInfo( 2924): Unknown tag under uses-policies of ComponentInfo{com.samsung.android.dlp.service/com.samsung.android.dlp.service.receiver.DLPDeviceAdminReceiver}: mdm-browser-settings
02-06 18:52:02.805 W/DeviceAdminInfo( 2924): Unknown tag under uses-policies of ComponentInfo{com.samsung.android.dlp.service/com.samsung.android.dlp.service.receiver.DLPDeviceAdminReceiver}: mdm-phone-restriction
02-06 18:52:02.805 W/DeviceAdminInfo( 2924): Unknown tag under uses-policies of ComponentInfo{com.samsung.android.dlp.service/com.samsung.android.dlp.service.receiver.DLPDeviceAdminReceiver}: mdm-firewall
02-06 18:52:02.805 W/DeviceAdminInfo( 2924): Unknown tag under uses-policies of ComponentInfo{com.samsung.android.dlp.service/com.samsung.android.dlp.service.receiver.DLPDeviceAdminReceiver}: mdm-enterprise-vpn
02-06 18:52:02.805 W/DeviceAdminInfo( 2924): Unknown tag under uses-policies of ComponentInfo{com.samsung.android.dlp.service/com.samsung.android.dlp.service.receiver.DLPDeviceAdminReceiver}: mdm-data-time
02-06 18:52:02.805 D/PersonaManagerService( 2924): Admin match returning component: ComponentInfo{com.samsung.android.dlp.service/com.samsung.android.dlp.service.receiver.DLPDeviceAdminReceiver}
02-06 18:52:02.805 D/PersonaManagerService( 2924): packageName : com.samsung.android.dlp.service
02-06 18:52:02.805 D/DevicePolicyManagerService( 2924): PfW getPlayForWorkProxy() 150
02-06 18:52:02.805 D/DevicePolicyManagerService( 2924): PfW getPlayForWorkProxy() flags & FLAG_ALLOW_PROXY_FOR_PFW 0
02-06 18:52:02.805 D/DevicePolicyManagerService( 2924): PfW getPlayForWorkProxy() flag 0 does not allow PfW
02-06 18:52:02.805 D/ApplicationPolicy( 2924): isApplicationInstalled : pkgName = com.samsung.android.dlp.service in user 150 - true
02-06 18:52:02.805 D/DevicePolicyManagerService( 2924): PfW getProfileOwner() returning adminComponent
02-06 18:52:02.805 D/DevicePolicyManagerService( 2924): DevicePolicyManagerService.checkCallerPermissionFor(getProfileOwner)
02-06 18:52:02.805 D/DevicePolicyManagerService( 2924): PfW getPlayForWorkProxy() 0
02-06 18:52:02.805 D/DevicePolicyManagerService( 2924): PfW getPlayForWorkProxy() flags & FLAG_ALLOW_PROXY_FOR_PFW 0
02-06 18:52:02.805 D/DevicePolicyManagerService( 2924): PfW getPlayForWorkProxy() flag 0 does not allow PfW
02-06 18:52:02.805 D/DevicePolicyManagerService( 2924): DevicePolicyManagerService.checkCallerPermissionFor(getProfileOwner)
,02-06 18:52:02.805 D/DatabaseHelper(31756): updateOrAddPkgData(), update com.google.android.music
,02-06 18:52:02.815 D/PkgData (31756): PkgData(), pkgName: com.sec.android.app.clockpackage
02-06 18:52:02.815 D/PkgData (31756): setCustomFeatureFlag, pkgName: com.sec.android.app.clockpackage, old featureFlag: 274882278167, new featureFlag: 274882278167
,02-06 18:52:02.815 D/ApplicationPolicy( 2924): isApplicationInstalled : pkgName = com.android.vending in user 150 - true
02-06 18:52:02.815 D/DevicePolicyManagerService( 2924): PfW getProfileOwner() isVendingInstalled 150? true
,02-06 18:52:02.815 D/EnterpriseDeviceManagerService( 2924): isManagedProfileUser(): userId = 0
02-06 18:52:02.815 V/BroadcastQueue( 2924): [background] Process cur broadcast BroadcastRecord{d8dce31 u0 android.accounts.LOGIN_ACCOUNTS_CHANGED qIdx=4}, state= (APP_RECEIVE) DELIVERED for app ProcessRecord{53f47d4 32085:com.samsung.android.email.provider:service/u0a50}
02-06 18:52:02.815 D/PersonaManagerService( 2924): Current admin loop :com.domobile.applock
,02-06 18:52:02.815 D/PersonaManagerService( 2924): adminAppInfo Uid :10162
02-06 18:52:02.815 D/PersonaManagerService( 2924): Current admin loop :com.domobile.applockwatcher
02-06 18:52:02.815 D/PersonaManagerService( 2924): adminAppInfo Uid :10163
02-06 18:52:02.815 D/PersonaManagerService( 2924): Current admin loop :com.sec.knox.containeragent2
02-06 18:52:02.815 E/PersonaManagerService( 2924): getting app info failed. package Name: com.sec.knox.containeragent2
02-06 18:52:02.815 D/PersonaManagerService( 2924): adminAppInfo Uid :-1
02-06 18:52:02.815 D/PersonaManagerService( 2924): adminPackageUid parameter: 15001000
02-06 18:52:02.815 D/DatabaseHelper(31756): updateOrAddPkgData(), update com.sec.android.app.clockpackage
,02-06 18:52:02.815 E/PersonaManagerService( 2924): packageName: com.samsung.android.email.provider
02-06 18:52:02.815 D/PersonaManagerService( 2924): packages for uid:com.sec.android.app.sysscope
02-06 18:52:02.815 D/PersonaManagerService( 2924): packages for uid:com.sec.app.RilErrorNotifier
02-06 18:52:02.815 D/PersonaManagerService( 2924): packages for uid:com.sec.knox.knoxsetupwizardclient
02-06 18:52:02.815 D/PersonaManagerService( 2924): packages for uid:com.sec.android.easyonehand
02-06 18:52:02.815 D/PersonaManagerService( 2924): packages for uid:com.sec.android.uibcvirtualsoftkey
02-06 18:52:02.815 D/PersonaManagerService( 2924): packages for uid:com.sec.android.app.popupuireceiver
02-06 18:52:02.815 D/PersonaManagerService( 2924): packages for uid:com.samsung.android.smartface
02-06 18:52:02.815 D/PersonaManagerService( 2924): packages for uid:com.samsung.android.universalswitch
02-06 18:52:02.815 D/PersonaManagerService( 2924): packages for uid:com.sec.android.app.parser
02-06 18:52:02.815 D/PersonaManagerService( 2924): packages for uid:com.wssyncmldm
02-06 18:52:02.815 D/PersonaManagerService( 2924): packages for uid:com.sec.android.app.wlantest
02-06 18:52:02.815 D/PersonaManagerService( 2924): packages for uid:com.sec.automation
02-06 18:52:02.815 D/PersonaManagerService( 2924): packages for uid:com.samsung.android.securitylogagent
02-06 18:52:02.815 D/PersonaManagerService( 2924): packages for uid:com.samsung.android.app.withtv
02-06 18:52:02.815 D/PersonaManagerService( 2924): packages for uid:com.mobeam.barcodeService
02-06 18:52:02.815 D/PersonaManagerService( 2924): packages for uid:com.samsung.android.clipboarduiservice
02-06 18:52:02.815 D/PersonaManagerService( 2924): packages for uid:com.samsung.android.app.mirrorlink
02-06 18:52:02.815 D/PersonaManagerService( 2924): packages for uid:com.android.settings
02-06 18:52:02.815 D/PersonaManagerService( 2924): packages for uid:com.sec.android.soagent
02-06 18:52:02.815 D/PersonaManagerService( 2924): packages for uid:com.samsung.android.MtpApplication
02-06 18:52:02.815 D/PersonaManagerService( 2924): packages for uid:com.sec.imsservice
02-06 18:52:02.815 D/PersonaManagerService( 2924): packages for uid:com.samsung.aasaservice
02-06 18:52:02.815 D/PersonaManagerService( 2924): packages for uid:com.samsung.android.svcagent
02-06 18:52:02.815 D/PersonaManagerService( 2924): packages for uid:com.samsung.SMT
02-06 18:52:02.815 D/PersonaManagerService( 2924): packages for uid:com.samsung.android.app.assistantmenu
02-06 18:52:02.815 D/PersonaManagerService( 2924): packages for uid:com.wssnps
02-06 18:52:02.815 D/PersonaManagerService( 2924): packages for uid:com.sec.android.app.SecSetupWizard
02-06 18:52:02.815 D/PersonaManagerService( 2924): packages for uid:com.sec.sve
02-06 18:52:02.815 D/PersonaManagerService( 2924): packages for uid:com.sec.android.app.hwmoduletest
02-06 18:52:02.815 D/PersonaManagerService( 2924): packages for uid:com.skms.android.agent
02-06 18:52:02.815 D/PersonaManagerService( 2924): packages for uid:com.sec.android.Kies
02-06 18:52:02.815 D/PersonaManagerService( 2924): packages for uid:com.samsung.android.sm
02-06 18:52:02.815 D/PersonaManagerService( 2924): packages for uid:com.sec.android.diagmonagent
02-06 18:52:02.815 D/PersonaManagerService( 2924): packages for uid:com.samsung.android.app.scrollcapture
02-06 18:52:02.815 D/PersonaManagerService( 2924): packages for uid:com.samsung.clipboardsaveservice
02-06 18:52:02.815 D/PersonaManagerService( 2924): packages for uid:android
02-06 18:52:02.815 D/PersonaManagerService( 2924): packages for uid:com.sec.enterprise.knox.myknoxsetupwizard
02-06 18:52:02.815 D/PersonaManagerService( 2924): packages for uid:com.trustonic.tuiservice
02-06 18:52:02.815 D/PersonaManagerService( 2924): packages for uid:com.sec.android.app.factorykeystring
02-06 18:52:02.815 D/PersonaManagerService( 2924): packages for uid:com.android.keychain
02-06 18:52:02.815 D/PersonaManagerService( 2924): packages for uid:com.android.wallpapercropper
02-06 18:52:02.815 D/Per,sonaManagerService( 2924): packages for uid:com.sec.modem.settings
02-06 18:52:02.815 D/PersonaManagerService( 2924): packages for uid:com.samsung.android.bbc.bbcagent
02-06 18:52:02.815 D/PersonaManagerService( 2924): packages for uid:com.sem.factoryapp
02-06 18:52:02.815 D/PersonaManagerService( 2924): packages for uid:com.sec.usbsettings
02-06 18:52:02.815 D/PersonaManagerService( 2924): packages for uid:com.sec.android.app.personalization
02-06 18:52:02.815 D/PersonaManagerService( 2924): packages for uid:com.sec.factory
02-06 18:52:02.815 D/PersonaManagerService( 2924): packages for uid:com.samsung.knox.appsupdateagent
02-06 18:52:02.815 D/PersonaManagerService( 2924): packages for uid:com.sec.knox.containeragent2
02-06 18:52:02.815 D/PersonaManagerService( 2924): packages for uid:com.samsung.android.fmm
02-06 18:52:02.815 D/PersonaManagerService( 2924): packages for uid:com.policydm
02-06 18:52:02.815 D/PersonaManagerService( 2924): packages for uid:com.samsung.android.app.colorblind
02-06 18:52:02.815 D/PersonaManagerService( 2924): packages for uid:com.samsung.android.themecenter
02-06 18:52:02.815 D/PersonaManagerService( 2924): packages for uid:com.android.inputdevices
02-06 18:52:02.815 D/PersonaManagerService( 2924): packages for uid:com.sec.android.preloadinstaller
02-06 18:52:02.815 D/PersonaManagerService( 2924): packages for uid:com.samsung.android.applock
02-06 18:52:02.815 D/PersonaManagerService( 2924): packages for uid:com.sec.android.app.servicemodeapp
02-06 18:52:02.815 D/PersonaManagerService( 2924): packages for uid:com.sec.android.emergencylauncher
02-06 18:52:02.815 D/PersonaManagerService( 2924): packages for uid:com.sec.android.app.wfdbroker
02-06 18:52:02.815 D/PersonaManagerService( 2924): packages for uid:com.sec.knox.switcher
02-06 18:52:02.815 D/PersonaManagerService( 2924): packages for uid:com.android.server.telecom
02-06 18:52:02.815 D/PersonaManagerService( 2924): packages for uid:com.samsung.imagecompress
02-06 18:52:02.815 D/PersonaManagerService( 2924): packages for uid:com.sec.android.app.mt
02-06 18:52:02.815 D/PersonaManagerService( 2924): packages for uid:com.android.providers.settings
02-06 18:52:02.815 D/PersonaManagerService( 2924): packages for uid:com.samsung.android.app.filterinstaller
02-06 18:52:02.815 D/PersonaManagerService( 2924): packages for uid:com.samsung.ucs.agent.boot
02-06 18:52:02.815 D/PersonaManagerService( 2924): packages for uid:com.samsung.android.rlc
02-06 18:52:02.815 D/PersonaManagerService( 2924): packages for uid:com.sec.enterprise.knox.shareddevice.keyguard
02-06 18:52:02.815 D/PersonaManagerService( 2924): packages for uid:com.sec.enterprise.mdm.services.simpin
02-06 18:52:02.815 D/PersonaManagerService( 2924): packages for uid:com.sec.knox.foldercontainer
02-06 18:52:02.815 D/PersonaManagerService( 2924): packages for uid:com.samsung.knox.kss
02-06 18:52:02.815 D/PersonaManagerService( 2924): packages for uid:com.samsung.android.fingerprint.service
02-06 18:52:02.815 D/PersonaManagerService( 2924): packages for uid:com.samsung.android.SettingsReceiver
02-06 18:52:02.815 D/PersonaManagerService( 2924): packages for uid:com.android.location.fused
02-06 18:52:02.815 D/PersonaManagerService( 2924): packages for uid:com.sec.android.app.bluetoothtest
02-06 18:52:02.815 D/PersonaManagerService( 2924): packages for uid:com.sec.bcservice
02-06 18:52:02.815 D/PersonaManagerService( 2924): packages for uid:com.sec.android.wallpapercropper2
02-06 18:52:02.815 D/PersonaManagerService( 2924): packages for uid:com.sec.android.providers.iwlansettings
02-06 18:52:02.815 D/PersonaManagerService( 2924): packages for uid:com.sec.android.providers.security
02-06 18:52:02.815 D/PersonaManagerService( 2924): packages for uid:com.samsung.android.dlp.service
02-06 18:52:02.815 D/PersonaManagerService( 2924): packages for uid:com.samsung.android.app.accesscontrol
02-06 18:52:02.815 D/PersonaManagerService( 2924): packages for uid:com.sec.factory.camera
02-06 18:52:02.815 D/PersonaManagerService( 2924): packages for uid:com.samsung,.android.authservice
02-06 18:52:02.815 D/PersonaManagerService( 2924): packages for uid:com.sec.android.emergencymode.service
02-06 18:52:02.815 E/PersonaManagerService( 2924): packageName: com.samsung.android.dlp.service
02-06 18:52:02.815 D/PersonaManagerService( 2924): packages for uid:com.sec.android.app.sysscope
02-06 18:52:02.815 D/PersonaManagerService( 2924): packages for uid:com.sec.app.RilErrorNotifier
02-06 18:52:02.815 D/PersonaManagerService( 2924): packages for uid:com.sec.knox.knoxsetupwizardclient
02-06 18:52:02.815 D/PersonaManagerService( 2924): packages for uid:com.sec.android.easyonehand
02-06 18:52:02.815 D/PersonaManagerService( 2924): packages for uid:com.sec.android.uibcvirtualsoftkey
02-06 18:52:02.815 D/PersonaManagerService( 2924): packages for uid:com.sec.android.app.popupuireceiver
02-06 18:52:02.815 D/PersonaManagerService( 2924): packages for uid:com.samsung.android.smartface
02-06 18:52:02.815 D/PersonaManagerService( 2924): packages for uid:com.samsung.android.universalswitch
02-06 18:52:02.815 D/PersonaManagerService( 2924): packages for uid:com.sec.android.app.parser
02-06 18:52:02.815 D/PersonaManagerService( 2924): packages for uid:com.wssyncmldm
02-06 18:52:02.815 D/PersonaManagerService( 2924): packages for uid:com.sec.android.app.wlantest
02-06 18:52:02.815 D/PersonaManagerService( 2924): packages for uid:com.sec.automation
02-06 18:52:02.815 D/PersonaManagerService( 2924): packages for uid:com.samsung.android.securitylogagent
02-06 18:52:02.815 D/PersonaManagerService( 2924): packages for uid:com.samsung.android.app.withtv
02-06 18:52:02.815 D/PersonaManagerService( 2924): packages for uid:com.mobeam.barcodeService
02-06 18:52:02.815 D/PersonaManagerService( 2924): packages for uid:com.samsung.android.clipboarduiservice
02-06 18:52:02.815 D/PersonaManagerService( 2924): packages for uid:com.samsung.android.app.mirrorlink
02-06 18:52:02.815 D/PersonaManagerService( 2924): packages for uid:com.android.settings
02-06 18:52:02.815 D/PersonaManagerService( 2924): packages for uid:com.sec.android.soagent
02-06 18:52:02.815 D/PersonaManagerService( 2924): packages for uid:com.samsung.android.MtpApplication
02-06 18:52:02.815 D/PersonaManagerService( 2924): packages for uid:com.sec.imsservice
02-06 18:52:02.815 D/PersonaManagerService( 2924): packages for uid:com.samsung.aasaservice
02-06 18:52:02.815 D/PersonaManagerService( 2924): packages for uid:com.samsung.android.svcagent
02-06 18:52:02.815 D/PersonaManagerService( 2924): packages for uid:com.samsung.SMT
02-06 18:52:02.815 D/PersonaManagerService( 2924): packages for uid:com.samsung.android.app.assistantmenu
02-06 18:52:02.815 D/PersonaManagerService( 2924): packages for uid:com.wssnps
02-06 18:52:02.815 D/PersonaManagerService( 2924): packages for uid:com.sec.android.app.SecSetupWizard
02-06 18:52:02.815 D/PersonaManagerService( 2924): packages for uid:com.sec.sve
02-06 18:52:02.815 D/PersonaManagerService( 2924): packages for uid:com.sec.android.app.hwmoduletest
02-06 18:52:02.815 D/PersonaManagerService( 2924): packages for uid:com.skms.android.agent
02-06 18:52:02.815 D/PersonaManagerService( 2924): packages for uid:com.sec.android.Kies
02-06 18:52:02.815 D/PersonaManagerService( 2924): packages for uid:com.samsung.android.sm
02-06 18:52:02.815 D/PersonaManagerService( 2924): packages for uid:com.sec.android.diagmonagent
02-06 18:52:02.815 D/PersonaManagerService( 2924): packages for uid:com.samsung.android.app.scrollcapture
02-06 18:52:02.815 D/PersonaManagerService( 2924): packages for uid:com.samsung.clipboardsaveservice
02-06 18:52:02.815 D/PersonaManagerService( 2924): packages for uid:android
02-06 18:52:02.815 D/PersonaManagerService( 2924): packages for uid:com.sec.enterprise.knox.myknoxsetupwizard
02-06 18:52:02.815 D/PersonaManagerService( 2924): packages for uid:com.trustonic.tuiservice
02-06 18:52:02.815 D/PersonaManagerService( 2924): packages for uid:com.sec.android.app.factorykeystring
02-06 18:52:02.815 D/PersonaManagerService( 2924): packages for uid:com.android.keycha,in
02-06 18:52:02.815 D/PersonaManagerService( 2924): packages for uid:com.android.wallpapercropper
02-06 18:52:02.815 D/PersonaManagerService( 2924): packages for uid:com.sec.modem.settings
02-06 18:52:02.815 D/PersonaManagerService( 2924): packages for uid:com.samsung.android.bbc.bbcagent
02-06 18:52:02.815 D/PersonaManagerService( 2924): packages for uid:com.sem.factoryapp
02-06 18:52:02.815 D/PersonaManagerService( 2924): packages for uid:com.sec.usbsettings
02-06 18:52:02.815 D/PersonaManagerService( 2924): packages for uid:com.sec.android.app.personalization
02-06 18:52:02.815 D/PersonaManagerService( 2924): packages for uid:com.sec.factory
02-06 18:52:02.815 D/PersonaManagerService( 2924): packages for uid:com.samsung.knox.appsupdateagent
02-06 18:52:02.825 D/PersonaManagerService( 2924): packages for uid:com.sec.knox.containeragent2
02-06 18:52:02.825 D/PersonaManagerService( 2924): packages for uid:com.samsung.android.fmm
02-06 18:52:02.825 D/PersonaManagerService( 2924): packages for uid:com.policydm
02-06 18:52:02.825 D/PersonaManagerService( 2924): packages for uid:com.samsung.android.app.colorblind
02-06 18:52:02.825 D/PersonaManagerService( 2924): packages for uid:com.samsung.android.themecenter
02-06 18:52:02.825 D/PkgData (31756): PkgData(), pkgName: com.sec.android.app.myfiles
02-06 18:52:02.825 D/PersonaManagerService( 2924): packages for uid:com.android.inputdevices
02-06 18:52:02.825 D/PersonaManagerService( 2924): packages for uid:com.sec.android.preloadinstaller
02-06 18:52:02.825 D/PersonaManagerService( 2924): packages for uid:com.samsung.android.applock
02-06 18:52:02.825 D/PkgData (31756): setCustomFeatureFlag, pkgName: com.sec.android.app.myfiles, old featureFlag: 274882278167, new featureFlag: 274882278167
02-06 18:52:02.825 D/PersonaManagerService( 2924): packages for uid:com.sec.android.app.servicemodeapp
02-06 18:52:02.825 D/PersonaManagerService( 2924): packages for uid:com.sec.android.emergencylauncher
02-06 18:52:02.825 D/PersonaManagerService( 2924): packages for uid:com.sec.android.app.wfdbroker
02-06 18:52:02.825 D/PersonaManagerService( 2924): packages for uid:com.sec.knox.switcher
02-06 18:52:02.825 D/PersonaManagerService( 2924): packages for uid:com.android.server.telecom
02-06 18:52:02.825 D/PersonaManagerService( 2924): packages for uid:com.samsung.imagecompress
02-06 18:52:02.825 D/PersonaManagerService( 2924): packages for uid:com.sec.android.app.mt
02-06 18:52:02.825 D/PersonaManagerService( 2924): packages for uid:com.android.providers.settings
02-06 18:52:02.825 D/PersonaManagerService( 2924): packages for uid:com.samsung.android.app.filterinstaller
02-06 18:52:02.825 D/PersonaManagerService( 2924): packages for uid:com.samsung.ucs.agent.boot
02-06 18:52:02.825 D/PersonaManagerService( 2924): packages for uid:com.samsung.android.rlc
02-06 18:52:02.825 D/PersonaManagerService( 2924): packages for uid:com.sec.enterprise.knox.shareddevice.keyguard
02-06 18:52:02.825 D/PersonaManagerService( 2924): packages for uid:com.sec.enterprise.mdm.services.simpin
02-06 18:52:02.825 D/PersonaManagerService( 2924): packages for uid:com.sec.knox.foldercontainer
02-06 18:52:02.825 D/PersonaManagerService( 2924): packages for uid:com.samsung.knox.kss
02-06 18:52:02.825 D/PersonaManagerService( 2924): packages for uid:com.samsung.android.fingerprint.service
02-06 18:52:02.825 D/PersonaManagerService( 2924): packages for uid:com.samsung.android.SettingsReceiver
02-06 18:52:02.825 D/PersonaManagerService( 2924): packages for uid:com.android.location.fused
02-06 18:52:02.825 D/PersonaManagerService( 2924): packages for uid:com.sec.android.app.bluetoothtest
02-06 18:52:02.825 D/PersonaManagerService( 2924): packages for uid:com.sec.bcservice
02-06 18:52:02.825 D/PersonaManagerService( 2924): packages for uid:com.sec.android.wallpapercropper2
02-06 18:52:02.825 D/PersonaManagerService( 2924): packages for uid:com.sec.android.providers.iwlansettings
02-06 18:52:02.825 D/PersonaManagerService( 2924): packages for uid:com.sec.android.providers.security
02-06 ,18:52:02.825 D/PersonaManagerService( 2924): packages for uid:com.samsung.android.dlp.service
02-06 18:52:02.825 W/DeviceAdminInfo( 2924): Unknown tag under uses-policies of ComponentInfo{com.samsung.android.dlp.service/com.samsung.android.dlp.service.receiver.DLPDeviceAdminReceiver}: history-password
02-06 18:52:02.825 W/DeviceAdminInfo( 2924): Unknown tag under uses-policies of ComponentInfo{com.samsung.android.dlp.service/com.samsung.android.dlp.service.receiver.DLPDeviceAdminReceiver}: allow-attachments
02-06 18:52:02.825 W/DeviceAdminInfo( 2924): Unknown tag under uses-policies of ComponentInfo{com.samsung.android.dlp.service/com.samsung.android.dlp.service.receiver.DLPDeviceAdminReceiver}: limit-attachments
02-06 18:52:02.825 W/DeviceAdminInfo( 2924): Unknown tag under uses-policies of ComponentInfo{com.samsung.android.dlp.service/com.samsung.android.dlp.service.receiver.DLPDeviceAdminReceiver}: allow-camera
02-06 18:52:02.825 W/DeviceAdminInfo( 2924): Unknown tag under uses-policies of ComponentInfo{com.samsung.android.dlp.service/com.samsung.android.dlp.service.receiver.DLPDeviceAdminReceiver}: allow-htmlemail
