02-06 18:52:02.605 D/ResponseParser(31756): No value for default_dss
02-06 18:52:02.605 D/ResponseParser(31756): No value for default_dfs
02-06 18:52:02.605 D/ResponseParser(31756): No value for default_dts
02-06 18:52:02.605 D/ResponseParser(31756): No value for default_odtc
02-06 18:52:02.605 D/ResponseParser(31756): No value for each_mode_dss
,02-06 18:52:02.605 D/ResponseParser(31756): No value for each_mode_dfs
02-06 18:52:02.605 D/ResponseParser(31756): No value for each_mode_dts
02-06 18:52:02.605 D/ResponseParser(31756): No value for each_mode_odtc
02-06 18:52:02.605 D/ResponseParser(31756): No value for feature_flag_inst
02-06 18:52:02.605 D/ResponseParser(31756): No value for aspect_ratio_values
02-06 18:52:02.605 D/ResponseParser(31756): No value for aspect_ratio_recommended
,02-06 18:52:02.605 D/ResponseParser(31756): No value for siop_level
02-06 18:52:02.605 D/ResponseParser(31756): No value for default_cpu_level
02-06 18:52:02.605 D/ResponseParser(31756): No value for default_gpu_level
02-06 18:52:02.605 D/ResponseParser(31756): No value for cam_fps
,02-06 18:52:02.605 D/ResponseParser(31756): No value for cam_binning
02-06 18:52:02.605 D/ResponseParser(31756): No value for default_target_short_side
02-06 18:52:02.605 D/ResponseParser(31756): No value for each_mode_target_short_side
02-06 18:52:02.605 D/ResponseParser(31756): No value for governor_settings
02-06 18:52:02.605 D/ResponseParser(31756): JSONException. No value for shift_temperature
02-06 18:52:02.605 D/ResponseParser(31756): JSONException. No value for game_sdk
02-06 18:52:02.605 D/ResponseParser(31756): parsePkgDataJsonObj(), pkgName: com.sec.android.app.clockpackage, customFeatureFlag: 274882278167
02-06 18:52:02.605 D/ResponseParser(31756): parsePkgDataJsonObj(), get data from existingPkgData, pkgName: com.sec.android.app.clockpackage, customFeatureFlag: 274882278167
02-06 18:52:02.605 D/FeaturePolicyParser(31756): isValidCondition(), map : {service_ver=9.2, optimizer_ver=1189.0, manager_ver=3.9, os_sdk_ver=23.0}
02-06 18:52:02.605 D/ResponseParser(31756): parsePkgDataJsonObj(), serverFeatureFlagPolicy changed by JSON policy : null
,02-06 18:52:02.605 D/DatabaseHelper(31756): setPkgIpmPolicy(), update com.sec.android.app.clockpackage
02-06 18:52:02.605 D/PkgData (31756): PkgData(), pkgName: com.sec.android.app.clockpackage
02-06 18:52:02.605 D/PkgData (31756): setCustomFeatureFlag, pkgName: com.sec.android.app.clockpackage, old featureFlag: 274882278167, new featureFlag: 274882278167
02-06 18:52:02.605 D/ResponseParser(31756): parsePkgDataJsonObj()
02-06 18:52:02.605 D/ResponseParser(31756): parsePkgDataJsonObj(), packageName: com.sec.android.app.myfiles
,02-06 18:52:02.605 D/PkgData (31756): PkgData(), pkgName: com.sec.android.app.myfiles
02-06 18:52:02.605 D/PkgData (31756): setCustomFeatureFlag, pkgName: com.sec.android.app.myfiles, old featureFlag: 274882278167, new featureFlag: 274882278167
02-06 18:52:02.605 D/ResponseParser(31756): category_code: non-game
02-06 18:52:02.605 D/ResponseParser(31756): categorized_by: 2
02-06 18:52:02.605 D/ResponseParser(31756): game_genre: N/A
,02-06 18:52:02.605 D/ResponseParser(31756): No value for default_dss
02-06 18:52:02.605 D/ResponseParser(31756): No value for default_dfs
02-06 18:52:02.605 D/ResponseParser(31756): No value for default_dts
02-06 18:52:02.605 D/ResponseParser(31756): No value for default_odtc
,02-06 18:52:02.615 D/ResponseParser(31756): No value for each_mode_dss
02-06 18:52:02.615 D/ResponseParser(31756): No value for each_mode_dfs
,02-06 18:52:02.615 D/ResponseParser(31756): No value for each_mode_dts
02-06 18:52:02.615 D/ResponseParser(31756): No value for each_mode_odtc
02-06 18:52:02.615 D/ResponseParser(31756): No value for feature_flag_inst
,02-06 18:52:02.615 D/ResponseParser(31756): No value for aspect_ratio_values
02-06 18:52:02.615 D/ResponseParser(31756): No value for aspect_ratio_recommended
02-06 18:52:02.615 D/ResponseParser(31756): No value for siop_level
02-06 18:52:02.615 D/ResponseParser(31756): No value for default_cpu_level
,02-06 18:52:02.615 D/ResponseParser(31756): No value for default_gpu_level
02-06 18:52:02.615 D/ResponseParser(31756): No value for cam_fps
02-06 18:52:02.615 D/ResponseParser(31756): No value for cam_binning
02-06 18:52:02.615 D/ResponseParser(31756): No value for default_target_short_side
02-06 18:52:02.615 D/ResponseParser(31756): No value for each_mode_target_short_side
02-06 18:52:02.615 D/ResponseParser(31756): No value for governor_settings
,02-06 18:52:02.615 D/ResponseParser(31756): JSONException. No value for shift_temperature
02-06 18:52:02.615 D/ResponseParser(31756): JSONException. No value for game_sdk
02-06 18:52:02.615 D/ResponseParser(31756): parsePkgDataJsonObj(), pkgName: com.sec.android.app.myfiles, customFeatureFlag: 274882278167
02-06 18:52:02.615 D/ResponseParser(31756): parsePkgDataJsonObj(), get data from existingPkgData, pkgName: com.sec.android.app.myfiles, customFeatureFlag: 274882278167
02-06 18:52:02.615 D/FeaturePolicyParser(31756): isValidCondition(), map : {service_ver=9.2, optimizer_ver=1189.0, manager_ver=3.9, os_sdk_ver=23.0}
02-06 18:52:02.615 D/ResponseParser(31756): parsePkgDataJsonObj(), serverFeatureFlagPolicy changed by JSON policy : null
,02-06 18:52:02.615 D/DatabaseHelper(31756): setPkgIpmPolicy(), update com.sec.android.app.myfiles
02-06 18:52:02.615 D/PkgData (31756): PkgData(), pkgName: com.sec.android.app.myfiles
02-06 18:52:02.615 D/PkgData (31756): setCustomFeatureFlag, pkgName: com.sec.android.app.myfiles, old featureFlag: 274882278167, new featureFlag: 274882278167
02-06 18:52:02.615 D/ResponseParser(31756): parsePkgDataJsonObj()
02-06 18:52:02.615 D/ResponseParser(31756): parsePkgDataJsonObj(), packageName: com.UCMobile.intl
,02-06 18:52:02.615 D/PkgData (31756): PkgData(), pkgName: com.UCMobile.intl
02-06 18:52:02.615 D/PkgData (31756): setCustomFeatureFlag, pkgName: com.UCMobile.intl, old featureFlag: 274882278167, new featureFlag: 274882278167
02-06 18:52:02.615 D/ResponseParser(31756): category_code: non-game
02-06 18:52:02.615 D/ResponseParser(31756): categorized_by: 2
02-06 18:52:02.615 D/ResponseParser(31756): game_genre: N/A
,02-06 18:52:02.615 D/ResponseParser(31756): No value for default_dss
02-06 18:52:02.615 D/ResponseParser(31756): No value for default_dfs
02-06 18:52:02.615 D/ResponseParser(31756): No value for default_dts
02-06 18:52:02.615 D/ResponseParser(31756): No value for default_odtc
02-06 18:52:02.615 D/ResponseParser(31756): No value for each_mode_dss
02-06 18:52:02.615 D/ResponseParser(31756): No value for each_mode_dfs
,02-06 18:52:02.615 D/ResponseParser(31756): No value for each_mode_dts
02-06 18:52:02.615 D/ResponseParser(31756): No value for each_mode_odtc
02-06 18:52:02.615 D/ResponseParser(31756): No value for feature_flag_inst
02-06 18:52:02.615 D/ResponseParser(31756): No value for aspect_ratio_values
02-06 18:52:02.615 D/ResponseParser(31756): No value for aspect_ratio_recommended
02-06 18:52:02.615 D/ResponseParser(31756): No value for siop_level
02-06 18:52:02.615 D/ResponseParser(31756): No value for default_cpu_level
,02-06 18:52:02.615 D/ResponseParser(31756): No value for default_gpu_level
02-06 18:52:02.615 D/ResponseParser(31756): No value for cam_fps
02-06 18:52:02.615 D/ResponseParser(31756): No value for cam_binning
02-06 18:52:02.625 D/ResponseParser(31756): No value for default_target_short_side
02-06 18:52:02.625 D/ResponseParser(31756): No value for each_mode_target_short_side
,02-06 18:52:02.625 D/ResponseParser(31756): No value for governor_settings
02-06 18:52:02.625 D/ResponseParser(31756): JSONException. No value for shift_temperature
02-06 18:52:02.625 D/ResponseParser(31756): JSONException. No value for game_sdk
02-06 18:52:02.625 D/ResponseParser(31756): parsePkgDataJsonObj(), pkgName: com.UCMobile.intl, customFeatureFlag: 274882278167
02-06 18:52:02.625 D/ResponseParser(31756): parsePkgDataJsonObj(), get data from existingPkgData, pkgName: com.UCMobile.intl, customFeatureFlag: 274882278167
02-06 18:52:02.625 D/FeaturePolicyParser(31756): isValidCondition(), map : {service_ver=9.2, optimizer_ver=1189.0, manager_ver=3.9, os_sdk_ver=23.0}
02-06 18:52:02.625 D/ResponseParser(31756): parsePkgDataJsonObj(), serverFeatureFlagPolicy changed by JSON policy : null
,02-06 18:52:02.625 D/DatabaseHelper(31756): setPkgIpmPolicy(), update com.UCMobile.intl
02-06 18:52:02.625 D/PkgData (31756): PkgData(), pkgName: com.UCMobile.intl
02-06 18:52:02.625 D/PkgData (31756): setCustomFeatureFlag, pkgName: com.UCMobile.intl, old featureFlag: 274882278167, new featureFlag: 274882278167
02-06 18:52:02.625 D/ResponseParser(31756): parsePkgDataJsonObj()
02-06 18:52:02.625 D/ResponseParser(31756): parsePkgDataJsonObj(), packageName: com.google.android.apps.photos
,02-06 18:52:02.625 D/PkgData (31756): PkgData(), pkgName: com.google.android.apps.photos
02-06 18:52:02.625 D/PkgData (31756): setCustomFeatureFlag, pkgName: com.google.android.apps.photos, old featureFlag: 274882278167, new featureFlag: 274882278167
,02-06 18:52:02.625 D/ResponseParser(31756): category_code: non-game
02-06 18:52:02.625 D/ResponseParser(31756): categorized_by: 2
02-06 18:52:02.625 D/ResponseParser(31756): game_genre: N/A
02-06 18:52:02.625 D/ResponseParser(31756): No value for default_dss
02-06 18:52:02.625 D/ResponseParser(31756): No value for default_dfs
02-06 18:52:02.625 D/ResponseParser(31756): No value for default_dts
02-06 18:52:02.625 D/ResponseParser(31756): No value for default_odtc
02-06 18:52:02.625 D/ResponseParser(31756): No value for each_mode_dss
,02-06 18:52:02.625 D/ResponseParser(31756): No value for each_mode_dfs
02-06 18:52:02.625 D/ResponseParser(31756): No value for each_mode_dts
02-06 18:52:02.625 D/ResponseParser(31756): No value for each_mode_odtc
02-06 18:52:02.625 D/ResponseParser(31756): No value for feature_flag_inst
02-06 18:52:02.625 D/ResponseParser(31756): No value for aspect_ratio_values
02-06 18:52:02.625 D/ResponseParser(31756): No value for aspect_ratio_recommended
,02-06 18:52:02.625 D/ResponseParser(31756): No value for siop_level
02-06 18:52:02.625 D/ResponseParser(31756): No value for default_cpu_level
02-06 18:52:02.625 D/ResponseParser(31756): No value for default_gpu_level
02-06 18:52:02.625 D/ResponseParser(31756): No value for cam_fps
02-06 18:52:02.625 D/ResponseParser(31756): No value for cam_binning
02-06 18:52:02.625 D/ResponseParser(31756): No value for default_target_short_side
,02-06 18:52:02.625 D/ResponseParser(31756): No value for each_mode_target_short_side
02-06 18:52:02.625 D/ResponseParser(31756): No value for governor_settings
02-06 18:52:02.625 D/ResponseParser(31756): JSONException. No value for shift_temperature
02-06 18:52:02.625 D/ResponseParser(31756): JSONException. No value for game_sdk
02-06 18:52:02.625 D/ResponseParser(31756): parsePkgDataJsonObj(), pkgName: com.google.android.apps.photos, customFeatureFlag: 274882278167
02-06 18:52:02.625 D/ResponseParser(31756): parsePkgDataJsonObj(), get data from existingPkgData, pkgName: com.google.android.apps.photos, customFeatureFlag: 274882278167
02-06 18:52:02.625 D/FeaturePolicyParser(31756): isValidCondition(), map : {service_ver=9.2, optimizer_ver=1189.0, manager_ver=3.9, os_sdk_ver=23.0}
02-06 18:52:02.625 D/ResponseParser(31756): parsePkgDataJsonObj(), serverFeatureFlagPolicy changed by JSON policy : null
,02-06 18:52:02.625 D/DatabaseHelper(31756): setPkgIpmPolicy(), update com.google.android.apps.photos
02-06 18:52:02.625 D/PkgData (31756): PkgData(), pkgName: com.google.android.apps.photos
02-06 18:52:02.625 D/PkgData (31756): setCustomFeatureFlag, pkgName: com.google.android.apps.photos, old featureFlag: 274882278167, new featureFlag: 274882278167
02-06 18:52:02.625 D/ResponseParser(31756): parsePkgDataJsonObj()
02-06 18:52:02.625 D/ResponseParser(31756): parsePkgDataJsonObj(), packageName: com.sec.android.app.popupcalculator
,02-06 18:52:02.635 D/PkgData (31756): PkgData(), pkgName: com.sec.android.app.popupcalculator
02-06 18:52:02.635 D/PkgData (31756): setCustomFeatureFlag, pkgName: com.sec.android.app.popupcalculator, old featureFlag: 274882278167, new featureFlag: 274882278167
,02-06 18:52:02.635 D/ResponseParser(31756): category_code: non-game
02-06 18:52:02.635 D/ResponseParser(31756): categorized_by: 2
02-06 18:52:02.635 D/ResponseParser(31756): game_genre: N/A
02-06 18:52:02.635 D/ResponseParser(31756): No value for default_dss
02-06 18:52:02.635 D/ResponseParser(31756): No value for default_dfs
02-06 18:52:02.635 D/ResponseParser(31756): No value for default_dts
02-06 18:52:02.635 D/ResponseParser(31756): No value for default_odtc
,02-06 18:52:02.635 D/ResponseParser(31756): No value for each_mode_dss
02-06 18:52:02.635 D/ResponseParser(31756): No value for each_mode_dfs
02-06 18:52:02.635 D/ResponseParser(31756): No value for each_mode_dts
02-06 18:52:02.635 D/ResponseParser(31756): No value for each_mode_odtc
02-06 18:52:02.635 D/ResponseParser(31756): No value for feature_flag_inst
02-06 18:52:02.635 D/ResponseParser(31756): No value for aspect_ratio_values
,02-06 18:52:02.635 D/ResponseParser(31756): No value for aspect_ratio_recommended
02-06 18:52:02.635 D/ResponseParser(31756): No value for siop_level
02-06 18:52:02.635 D/ResponseParser(31756): No value for default_cpu_level
02-06 18:52:02.635 D/ResponseParser(31756): No value for default_gpu_level
02-06 18:52:02.635 D/ResponseParser(31756): No value for cam_fps
02-06 18:52:02.635 D/ResponseParser(31756): No value for cam_binning
,02-06 18:52:02.635 D/ResponseParser(31756): No value for default_target_short_side
02-06 18:52:02.635 D/ResponseParser(31756): No value for each_mode_target_short_side
02-06 18:52:02.635 D/ResponseParser(31756): No value for governor_settings
02-06 18:52:02.635 D/ResponseParser(31756): JSONException. No value for shift_temperature
02-06 18:52:02.635 D/ResponseParser(31756): JSONException. No value for game_sdk
02-06 18:52:02.635 D/ResponseParser(31756): parsePkgDataJsonObj(), pkgName: com.sec.android.app.popupcalculator, customFeatureFlag: 274882278167
02-06 18:52:02.635 D/ResponseParser(31756): parsePkgDataJsonObj(), get data from existingPkgData, pkgName: com.sec.android.app.popupcalculator, customFeatureFlag: 274882278167
02-06 18:52:02.635 D/FeaturePolicyParser(31756): isValidCondition(), map : {service_ver=9.2, optimizer_ver=1189.0, manager_ver=3.9, os_sdk_ver=23.0}
02-06 18:52:02.635 D/ResponseParser(31756): parsePkgDataJsonObj(), serverFeatureFlagPolicy changed by JSON policy : null
,02-06 18:52:02.635 D/DatabaseHelper(31756): setPkgIpmPolicy(), update com.sec.android.app.popupcalculator
02-06 18:52:02.635 D/PkgData (31756): PkgData(), pkgName: com.sec.android.app.popupcalculator
02-06 18:52:02.635 D/PkgData (31756): setCustomFeatureFlag, pkgName: com.sec.android.app.popupcalculator, old featureFlag: 274882278167, new featureFlag: 274882278167
02-06 18:52:02.635 D/ResponseParser(31756): parsePkgDataJsonObj()
02-06 18:52:02.635 D/ResponseParser(31756): parsePkgDataJsonObj(), packageName: com.samsung.android.voc
,02-06 18:52:02.635 D/PkgData (31756): PkgData(), pkgName: com.samsung.android.voc
02-06 18:52:02.635 D/PkgData (31756): setCustomFeatureFlag, pkgName: com.samsung.android.voc, old featureFlag: 274882278167, new featureFlag: 274882278167
,02-06 18:52:02.635 D/ResponseParser(31756): category_code: non-game
02-06 18:52:02.635 D/ResponseParser(31756): categorized_by: 2
02-06 18:52:02.635 D/ResponseParser(31756): game_genre: N/A
02-06 18:52:02.635 D/ResponseParser(31756): No value for default_dss
02-06 18:52:02.635 D/ResponseParser(31756): No value for default_dfs
02-06 18:52:02.635 D/ResponseParser(31756): No value for default_dts
02-06 18:52:02.635 D/ResponseParser(31756): No value for default_odtc
,02-06 18:52:02.635 D/ResponseParser(31756): No value for each_mode_dss
02-06 18:52:02.635 D/ResponseParser(31756): No value for each_mode_dfs
02-06 18:52:02.635 D/ResponseParser(31756): No value for each_mode_dts
02-06 18:52:02.635 D/ResponseParser(31756): No value for each_mode_odtc
02-06 18:52:02.635 D/ResponseParser(31756): No value for feature_flag_inst
02-06 18:52:02.635 D/ResponseParser(31756): No value for aspect_ratio_values
02-06 18:52:02.635 D/ResponseParser(31756): No value for aspect_ratio_recommended
02-06 18:52:02.635 D/ResponseParser(31756): No value for siop_level
02-06 18:52:02.635 D/ResponseParser(31756): No value for default_cpu_level
02-06 18:52:02.635 D/ResponseParser(31756): No value for default_gpu_level
02-06 18:52:02.635 D/ResponseParser(31756): No value for cam_fps
02-06 18:52:02.635 D/ResponseParser(31756): No value for cam_binning
02-06 18:52:02.635 D/ResponseParser(31756): No value for default_target_short_side
02-06 18:52:02.635 D/ResponseParser(31756): No value for each_mode_target_short_side
,02-06 18:52:02.635 D/ResponseParser(31756): No value for governor_settings
02-06 18:52:02.635 D/ResponseParser(31756): JSONException. No value for shift_temperature
02-06 18:52:02.635 D/ResponseParser(31756): JSONException. No value for game_sdk
02-06 18:52:02.635 D/ResponseParser(31756): parsePkgDataJsonObj(), pkgName: com.samsung.android.voc, customFeatureFlag: 274882278167
02-06 18:52:02.635 D/ResponseParser(31756): parsePkgDataJsonObj(), get data from existingPkgData, pkgName: com.samsung.android.voc, customFeatureFlag: 274882278167
02-06 18:52:02.635 D/FeaturePolicyParser(31756): isValidCondition(), map : {service_ver=9.2, optimizer_ver=1189.0, manager_ver=3.9, os_sdk_ver=23.0}
02-06 18:52:02.635 D/ResponseParser(31756): parsePkgDataJsonObj(), serverFeatureFlagPolicy changed by JSON policy : null
,02-06 18:52:02.645 D/DatabaseHelper(31756): setPkgIpmPolicy(), update com.samsung.android.voc
02-06 18:52:02.645 D/PkgData (31756): PkgData(), pkgName: com.samsung.android.voc
02-06 18:52:02.645 D/PkgData (31756): setCustomFeatureFlag, pkgName: com.samsung.android.voc, old featureFlag: 274882278167, new featureFlag: 274882278167
02-06 18:52:02.645 D/ResponseParser(31756): parsePkgDataJsonObj()
02-06 18:52:02.645 D/ResponseParser(31756): parsePkgDataJsonObj(), packageName: com.sec.android.app.shealth
,02-06 18:52:02.645 D/PkgData (31756): PkgData(), pkgName: com.sec.android.app.shealth
02-06 18:52:02.645 D/PkgData (31756): setCustomFeatureFlag, pkgName: com.sec.android.app.shealth, old featureFlag: 274882278167, new featureFlag: 274882278167
,02-06 18:52:02.645 D/ResponseParser(31756): category_code: non-game
02-06 18:52:02.645 D/ResponseParser(31756): categorized_by: 2
02-06 18:52:02.645 D/ResponseParser(31756): game_genre: N/A
02-06 18:52:02.645 D/ResponseParser(31756): No value for default_dss
02-06 18:52:02.645 D/ResponseParser(31756): No value for default_dfs
02-06 18:52:02.645 D/ResponseParser(31756): No value for default_dts
,02-06 18:52:02.645 I/GeofencerStateMachine(31878): removeGeofences: removeRequest=RemoveGeofencingRequest[REMOVE_BY_PENDING_INTENT pendingIntent=PendingIntent[creatorPackage=com.google.android.gms], packageName=null]
02-06 18:52:02.645 D/ResponseParser(31756): No value for default_odtc
02-06 18:52:02.645 D/ResponseParser(31756): No value for each_mode_dss
02-06 18:52:02.645 D/ResponseParser(31756): No value for each_mode_dfs
02-06 18:52:02.645 D/ResponseParser(31756): No value for each_mode_dts
02-06 18:52:02.645 D/ResponseParser(31756): No value for each_mode_odtc
,02-06 18:52:02.645 D/ResponseParser(31756): No value for feature_flag_inst
02-06 18:52:02.645 D/ResponseParser(31756): No value for aspect_ratio_values
02-06 18:52:02.645 D/ResponseParser(31756): No value for aspect_ratio_recommended
02-06 18:52:02.645 D/ResponseParser(31756): No value for siop_level
02-06 18:52:02.645 D/ResponseParser(31756): No value for default_cpu_level
02-06 18:52:02.645 D/ResponseParser(31756): No value for default_gpu_level
02-06 18:52:02.645 D/ResponseParser(31756): No value for cam_fps
,02-06 18:52:02.645 D/ResponseParser(31756): No value for cam_binning
02-06 18:52:02.645 D/ResponseParser(31756): No value for default_target_short_side
02-06 18:52:02.645 D/ResponseParser(31756): No value for each_mode_target_short_side
02-06 18:52:02.645 D/ResponseParser(31756): No value for governor_settings
02-06 18:52:02.645 D/ResponseParser(31756): JSONException. No value for shift_temperature
,02-06 18:52:02.645 D/ResponseParser(31756): JSONException. No value for game_sdk
02-06 18:52:02.645 D/ResponseParser(31756): parsePkgDataJsonObj(), pkgName: com.sec.android.app.shealth, customFeatureFlag: 274882278167
02-06 18:52:02.645 D/ResponseParser(31756): parsePkgDataJsonObj(), get data from existingPkgData, pkgName: com.sec.android.app.shealth, customFeatureFlag: 274882278167
02-06 18:52:02.645 D/FeaturePolicyParser(31756): isValidCondition(), map : {service_ver=9.2, optimizer_ver=1189.0, manager_ver=3.9, os_sdk_ver=23.0}
02-06 18:52:02.645 D/ResponseParser(31756): parsePkgDataJsonObj(), serverFeatureFlagPolicy changed by JSON policy : null
,02-06 18:52:02.645 D/DatabaseHelper(31756): setPkgIpmPolicy(), update com.sec.android.app.shealth
02-06 18:52:02.645 D/PkgData (31756): PkgData(), pkgName: com.sec.android.app.shealth
02-06 18:52:02.645 D/PkgData (31756): setCustomFeatureFlag, pkgName: com.sec.android.app.shealth, old featureFlag: 274882278167, new featureFlag: 274882278167
02-06 18:52:02.645 D/ResponseParser(31756): parsePkgDataJsonObj()
02-06 18:52:02.645 D/ResponseParser(31756): parsePkgDataJsonObj(), packageName: com.android.settings
,02-06 18:52:02.655 D/PkgData (31756): PkgData(), pkgName: com.android.settings
02-06 18:52:02.655 D/PkgData (31756): setCustomFeatureFlag, pkgName: com.android.settings, old featureFlag: 274882278167, new featureFlag: 274882278167
02-06 18:52:02.655 D/ResponseParser(31756): category_code: non-game
02-06 18:52:02.655 D/ResponseParser(31756): categorized_by: 2
02-06 18:52:02.655 D/ResponseParser(31756): game_genre: N/A
,02-06 18:52:02.655 D/ResponseParser(31756): No value for default_dss
02-06 18:52:02.655 D/ResponseParser(31756): No value for default_dfs
02-06 18:52:02.655 D/ResponseParser(31756): No value for default_dts
02-06 18:52:02.655 D/ResponseParser(31756): No value for default_odtc
02-06 18:52:02.655 D/ResponseParser(31756): No value for each_mode_dss
02-06 18:52:02.655 D/ResponseParser(31756): No value for each_mode_dfs
,02-06 18:52:02.655 D/ResponseParser(31756): No value for each_mode_dts
02-06 18:52:02.655 D/ResponseParser(31756): No value for each_mode_odtc
02-06 18:52:02.655 D/ResponseParser(31756): No value for feature_flag_inst
02-06 18:52:02.655 D/ResponseParser(31756): No value for aspect_ratio_values
02-06 18:52:02.655 D/ResponseParser(31756): No value for aspect_ratio_recommended
,02-06 18:52:02.655 D/ResponseParser(31756): No value for siop_level
02-06 18:52:02.655 D/ResponseParser(31756): No value for default_cpu_level
02-06 18:52:02.655 D/ResponseParser(31756): No value for default_gpu_level
02-06 18:52:02.655 D/ResponseParser(31756): No value for cam_fps
02-06 18:52:02.655 D/ResponseParser(31756): No value for cam_binning
,02-06 18:52:02.655 D/ResponseParser(31756): No value for default_target_short_side
02-06 18:52:02.655 D/ResponseParser(31756): No value for each_mode_target_short_side
02-06 18:52:02.655 D/ResponseParser(31756): No value for governor_settings
02-06 18:52:02.655 D/ResponseParser(31756): JSONException. No value for shift_temperature
,02-06 18:52:02.655 D/ResponseParser(31756): JSONException. No value for game_sdk
02-06 18:52:02.655 D/ResponseParser(31756): parsePkgDataJsonObj(), pkgName: com.android.settings, customFeatureFlag: 274882278167
02-06 18:52:02.655 D/ResponseParser(31756): parsePkgDataJsonObj(), get data from existingPkgData, pkgName: com.android.settings, customFeatureFlag: 274882278167
02-06 18:52:02.655 D/FeaturePolicyParser(31756): isValidCondition(), map : {service_ver=9.2, optimizer_ver=1189.0, manager_ver=3.9, os_sdk_ver=23.0}
02-06 18:52:02.655 D/ResponseParser(31756): parsePkgDataJsonObj(), serverFeatureFlagPolicy changed by JSON policy : null
02-06 18:52:02.655 W/System.err(31878): remove failed: ENOENT (No such file or directory) : /data/user/150/com.google.android.gms/files/reporting-log
02-06 18:52:02.655 D/DatabaseHelper(31756): setPkgIpmPolicy(), update com.android.settings
02-06 18:52:02.655 D/PkgData (31756): PkgData(), pkgName: com.android.settings
02-06 18:52:02.655 D/PkgData (31756): setCustomFeatureFlag, pkgName: com.android.settings, old featureFlag: 274882278167, new featureFlag: 274882278167
02-06 18:52:02.655 D/ResponseParser(31756): parsePkgDataJsonObj()
02-06 18:52:02.655 D/ResponseParser(31756): parsePkgDataJsonObj(), packageName: com.samsung.android.app.notes
02-06 18:52:02.655 D/PkgData (31756): PkgData(), pkgName: com.samsung.android.app.notes
02-06 18:52:02.655 D/PkgData (31756): setCustomFeatureFlag, pkgName: com.samsung.android.app.notes, old featureFlag: 274882278167, new featureFlag: 274882278167
02-06 18:52:02.655 D/ResponseParser(31756): category_code: non-game
02-06 18:52:02.655 D/ResponseParser(31756): categorized_by: 2
02-06 18:52:02.655 D/ResponseParser(31756): game_genre: N/A
02-06 18:52:02.655 D/ResponseParser(31756): No value for default_dss
02-06 18:52:02.655 D/ResponseParser(31756): No value for default_dfs
02-06 18:52:02.655 D/ResponseParser(31756): No value for default_dts
02-06 18:52:02.655 D/ResponseParser(31756): No value for default_odtc
02-06 18:52:02.655 D/ResponseParser(31756): No value for each_mode_dss
02-06 18:52:02.655 D/ResponseParser(31756): No value for each_mode_dfs
02-06 18:52:02.655 D/ResponseParser(31756): No value for each_mode_dts
02-06 18:52:02.655 D/ResponseParser(31756): No value for each_mode_odtc
02-06 18:52:02.665 D/ResponseParser(31756): No value for feature_flag_inst
02-06 18:52:02.665 D/ResponseParser(31756): No value for aspect_ratio_values
02-06 18:52:02.665 D/ResponseParser(31756): No value for aspect_ratio_recommended
02-06 18:52:02.665 D/ResponseParser(31756): No value for siop_level
02-06 18:52:02.665 I/ActivityManager( 2924): KPU : put [com.samsung.android.coreapps] : 13768 K
02-06 18:52:02.665 D/ResponseParser(31756): No value for default_cpu_level
02-06 18:52:02.665 I/ActivityManager( 2924): Killing 31302:com.samsung.android.coreapps/5011 (adj 15): DHA:empty #31
02-06 18:52:02.665 D/ResponseParser(31756): No value for default_gpu_level
02-06 18:52:02.665 D/ResponseParser(31756): No value for cam_fps
02-06 18:52:02.665 D/ResponseParser(31756): No value for cam_binning
02-06 18:52:02.665 D/ResponseParser(31756): No value for default_target_short_side
02-06 18:52:02.665 D/ResponseParser(31756): No value for each_mode_target_short_side
02-06 18:52:02.665 D/ResponseParser(31756): No value for governor_settings
02-06 18:52:02.665 D/ResponseParser(31756): JSONException. No value for shift_temperature
02-06 18:52:02.665 D/ResponseParser(31756): JSONException. No value for game_sdk
02-06 18:52:02.665 D/ResponseParser(31756): parsePkgDataJsonObj(), pkgName: com.samsung.android.app.notes, customFeatureFlag: 274882278167
02-06 18:52:02.665 D/ResponseParser(31756): parsePkgDataJsonObj(), get data from existingPkgData, pkgName: com.samsung.android.app.notes, customFeatureFlag: 274882278167
02-06 18:52:02.665 D/FeaturePolicyParser(31756): isValidCondition(), map : {service_ver=9.2, optimizer_ver=1189.0, manager_ver=3.9, os_sdk_ver=23.0}
02-06 18:52:02.665 D/ResponseParser(31756): parsePkgDataJsonObj(), serverFeatureFlagPolicy changed by JSON policy : null
,02-06 18:52:02.665 D/DatabaseHelper(31756): setPkgIpmPolicy(), update com.samsung.android.app.notes
02-06 18:52:02.665 D/PkgData (31756): PkgData(), pkgName: com.samsung.android.app.notes
02-06 18:52:02.665 D/PkgData (31756): setCustomFeatureFlag, pkgName: com.samsung.android.app.notes, old featureFlag: 274882278167, new featureFlag: 274882278167
02-06 18:52:02.665 D/ResponseParser(31756): parsePkgDataJsonObj()
02-06 18:52:02.665 D/ResponseParser(31756): parsePkgDataJsonObj(), packageName: com.sec.android.app.fm
,02-06 18:52:02.665 D/PkgData (31756): PkgData(), pkgName: com.sec.android.app.fm
02-06 18:52:02.665 D/PkgData (31756): setCustomFeatureFlag, pkgName: com.sec.android.app.fm, old featureFlag: 274882278167, new featureFlag: 274882278167
02-06 18:52:02.665 D/ResponseParser(31756): category_code: undefined
02-06 18:52:02.665 D/ResponseParser(31756): categorized_by: 2
02-06 18:52:02.665 D/ResponseParser(31756): game_genre: N/A
,02-06 18:52:02.665 D/ResponseParser(31756): No value for default_dss
02-06 18:52:02.665 D/ResponseParser(31756): No value for default_dfs
02-06 18:52:02.665 D/ResponseParser(31756): No value for default_dts
02-06 18:52:02.665 D/ResponseParser(31756): No value for default_odtc
02-06 18:52:02.665 D/ResponseParser(31756): No value for each_mode_dss
02-06 18:52:02.665 D/ResponseParser(31756): No value for each_mode_dfs
02-06 18:52:02.665 D/ResponseParser(31756): No value for each_mode_dts
02-06 18:52:02.665 D/ResponseParser(31756): No value for each_mode_odtc
02-06 18:52:02.665 D/ResponseParser(31756): No value for feature_flag_inst
02-06 18:52:02.665 D/ResponseParser(31756): No value for aspect_ratio_values
02-06 18:52:02.665 D/ResponseParser(31756): No value for aspect_ratio_recommended
02-06 18:52:02.665 D/ResponseParser(31756): No value for siop_level
02-06 18:52:02.675 D/ResponseParser(31756): No value for default_cpu_level
02-06 18:52:02.675 D/ResponseParser(31756): No value for default_gpu_level
02-06 18:52:02.675 D/ResponseParser(31756): No value for cam_fps
02-06 18:52:02.675 D/ResponseParser(31756): No value for cam_binning
02-06 18:52:02.675 D/ResponseParser(31756): No value for default_target_short_side
,02-06 18:52:02.675 D/ResponseParser(31756): No value for each_mode_target_short_side
02-06 18:52:02.675 D/ResponseParser(31756): No value for governor_settings
02-06 18:52:02.675 D/ResponseParser(31756): JSONException. No value for shift_temperature
02-06 18:52:02.675 D/ResponseParser(31756): JSONException. No value for game_sdk
02-06 18:52:02.675 D/ResponseParser(31756): parsePkgDataJsonObj(), pkgName: com.sec.android.app.fm, customFeatureFlag: 274882278167
02-06 18:52:02.675 D/ResponseParser(31756): parsePkgDataJsonObj(), get data from existingPkgData, pkgName: com.sec.android.app.fm, customFeatureFlag: 274882278167
02-06 18:52:02.675 D/FeaturePolicyParser(31756): isValidCondition(), map : {service_ver=9.2, optimizer_ver=1189.0, manager_ver=3.9, os_sdk_ver=23.0}
02-06 18:52:02.675 D/ResponseParser(31756): parsePkgDataJsonObj(), serverFeatureFlagPolicy changed by JSON policy : null
,02-06 18:52:02.675 D/DatabaseHelper(31756): setPkgIpmPolicy(), update com.sec.android.app.fm
02-06 18:52:02.675 D/PkgData (31756): PkgData(), pkgName: com.sec.android.app.fm
02-06 18:52:02.675 D/PkgData (31756): setCustomFeatureFlag, pkgName: com.sec.android.app.fm, old featureFlag: 274882278167, new featureFlag: 274882278167
02-06 18:52:02.675 D/ResponseParser(31756): parsePkgDataJsonObj()
02-06 18:52:02.675 D/ResponseParser(31756): parsePkgDataJsonObj(), packageName: com.sec.knox.switcher
,02-06 18:52:02.675 D/PkgData (31756): PkgData(), pkgName: com.sec.knox.switcher
02-06 18:52:02.675 D/PkgData (31756): setCustomFeatureFlag, pkgName: com.sec.knox.switcher, old featureFlag: 274882278167, new featureFlag: 274882278167
02-06 18:52:02.675 D/ResponseParser(31756): category_code: no-package
02-06 18:52:02.675 D/ResponseParser(31756): categorized_by: 2
02-06 18:52:02.675 D/ResponseParser(31756): game_genre: N/A
,02-06 18:52:02.675 D/ResponseParser(31756): No value for default_dss
02-06 18:52:02.675 D/ResponseParser(31756): No value for default_dfs
02-06 18:52:02.675 D/ResponseParser(31756): No value for default_dts
02-06 18:52:02.675 D/ResponseParser(31756): No value for default_odtc
02-06 18:52:02.675 D/ResponseParser(31756): No value for each_mode_dss
02-06 18:52:02.675 D/ResponseParser(31756): No value for each_mode_dfs
02-06 18:52:02.675 D/ResponseParser(31756): No value for each_mode_dts
02-06 18:52:02.675 D/ResponseParser(31756): No value for each_mode_odtc
,02-06 18:52:02.675 D/ResponseParser(31756): No value for feature_flag_inst
02-06 18:52:02.675 D/ResponseParser(31756): No value for aspect_ratio_values
02-06 18:52:02.675 D/ResponseParser(31756): No value for aspect_ratio_recommended
02-06 18:52:02.675 D/ResponseParser(31756): No value for siop_level
02-06 18:52:02.675 D/ResponseParser(31756): No value for default_cpu_level
02-06 18:52:02.675 D/ResponseParser(31756): No value for default_gpu_level
,02-06 18:52:02.675 D/ResponseParser(31756): No value for cam_fps
02-06 18:52:02.675 D/ResponseParser(31756): No value for cam_binning
02-06 18:52:02.675 D/ResponseParser(31756): No value for default_target_short_side
02-06 18:52:02.675 D/ResponseParser(31756): No value for each_mode_target_short_side
02-06 18:52:02.675 D/ResponseParser(31756): No value for governor_settings
02-06 18:52:02.675 D/ResponseParser(31756): JSONException. No value for shift_temperature
02-06 18:52:02.675 D/ResponseParser(31756): JSONException. No value for game_sdk
02-06 18:52:02.675 D/ResponseParser(31756): parsePkgDataJsonObj(), pkgName: com.sec.knox.switcher, customFeatureFlag: 274882278167
02-06 18:52:02.675 D/ResponseParser(31756): parsePkgDataJsonObj(), get data from existingPkgData, pkgName: com.sec.knox.switcher, customFeatureFlag: 274882278167
,02-06 18:52:02.675 D/FeaturePolicyParser(31756): isValidCondition(), map : {service_ver=9.2, optimizer_ver=1189.0, manager_ver=3.9, os_sdk_ver=23.0}
02-06 18:52:02.675 D/ResponseParser(31756): parsePkgDataJsonObj(), serverFeatureFlagPolicy changed by JSON policy : null
,02-06 18:52:02.675 D/DatabaseHelper(31756): setPkgIpmPolicy(), update com.sec.knox.switcher
02-06 18:52:02.675 D/PkgData (31756): PkgData(), pkgName: com.sec.knox.switcher
02-06 18:52:02.675 D/PkgData (31756): setCustomFeatureFlag, pkgName: com.sec.knox.switcher, old featureFlag: 274882278167, new featureFlag: 274882278167
02-06 18:52:02.675 D/ResponseParser(31756): parsePkgDataJsonObj()
02-06 18:52:02.675 D/ResponseParser(31756): parsePkgDataJsonObj(), packageName: com.sec.android.app.camera
,02-06 18:52:02.685 D/PkgData (31756): PkgData(), pkgName: com.sec.android.app.camera
02-06 18:52:02.685 D/PkgData (31756): setCustomFeatureFlag, pkgName: com.sec.android.app.camera, old featureFlag: 274882278167, new featureFlag: 274882278167
02-06 18:52:02.685 D/ResponseParser(31756): category_code: non-game
02-06 18:52:02.685 D/ResponseParser(31756): categorized_by: 2
02-06 18:52:02.685 D/ResponseParser(31756): game_genre: N/A
02-06 18:52:02.685 D/ResponseParser(31756): No value for default_dss
,02-06 18:52:02.685 D/ResponseParser(31756): No value for default_dfs
02-06 18:52:02.685 D/ResponseParser(31756): No value for default_dts
02-06 18:52:02.685 D/ResponseParser(31756): No value for default_odtc
02-06 18:52:02.685 D/ResponseParser(31756): No value for each_mode_dss
02-06 18:52:02.685 D/ResponseParser(31756): No value for each_mode_dfs
02-06 18:52:02.685 D/ResponseParser(31756): No value for each_mode_dts
,02-06 18:52:02.685 D/ResponseParser(31756): No value for each_mode_odtc
02-06 18:52:02.685 D/ResponseParser(31756): No value for feature_flag_inst
02-06 18:52:02.685 D/ResponseParser(31756): No value for aspect_ratio_values
02-06 18:52:02.685 D/ResponseParser(31756): No value for aspect_ratio_recommended
02-06 18:52:02.685 D/ResponseParser(31756): No value for siop_level
02-06 18:52:02.685 D/ResponseParser(31756): No value for default_cpu_level
02-06 18:52:02.685 D/ResponseParser(31756): No value for default_gpu_level
,02-06 18:52:02.685 D/ResponseParser(31756): No value for cam_fps
02-06 18:52:02.685 D/ResponseParser(31756): No value for cam_binning
02-06 18:52:02.685 D/ResponseParser(31756): No value for default_target_short_side
02-06 18:52:02.685 D/ResponseParser(31756): No value for each_mode_target_short_side
02-06 18:52:02.685 D/ResponseParser(31756): No value for governor_settings
02-06 18:52:02.685 D/ResponseParser(31756): JSONException. No value for shift_temperature
,02-06 18:52:02.685 D/ResponseParser(31756): JSONException. No value for game_sdk
02-06 18:52:02.685 D/ResponseParser(31756): parsePkgDataJsonObj(), pkgName: com.sec.android.app.camera, customFeatureFlag: 274882278167
02-06 18:52:02.685 D/ResponseParser(31756): parsePkgDataJsonObj(), get data from existingPkgData, pkgName: com.sec.android.app.camera, customFeatureFlag: 274882278167
02-06 18:52:02.685 D/FeaturePolicyParser(31756): isValidCondition(), map : {service_ver=9.2, optimizer_ver=1189.0, manager_ver=3.9, os_sdk_ver=23.0}
02-06 18:52:02.685 D/ResponseParser(31756): parsePkgDataJsonObj(), serverFeatureFlagPolicy changed by JSON policy : null
,02-06 18:52:02.685 D/PackageManager( 2924): setEnabledSetting : userId = 0 packageName = com.sec.android.app.sns3 cmp = com.sec.android.app.sns3.auth.sp.facebook.SnsAccountFbAuthenticatorService newState = 2 callingPackage = 10039
,02-06 18:52:02.685 D/PackageManager( 2924): setEnabledSetting : userId = 0 packageName = com.sec.android.app.sns3 cmp = com.sec.android.app.sns3.auth.sp.facebook.SnsAccountFbAuthSSOReceiver newState = 2 callingPackage = 10039
,02-06 18:52:02.685 D/PackageManager( 2924): setEnabledSetting : userId = 0 packageName = com.sec.android.app.sns3 cmp = com.sec.android.app.sns3.svc.sp.facebook.SnsFbService newState = 2 callingPackage = 10039
02-06 18:52:02.685 D/DatabaseHelper(31756): setPkgIpmPolicy(), update com.sec.android.app.camera
02-06 18:52:02.685 D/PkgData (31756): PkgData(), pkgName: com.sec.android.app.camera
02-06 18:52:02.685 D/PkgData (31756): setCustomFeatureFlag, pkgName: com.sec.android.app.camera, old featureFlag: 274882278167, new featureFlag: 274882278167
02-06 18:52:02.685 D/ResponseParser(31756): parsePkgDataJsonObj()
02-06 18:52:02.685 D/ResponseParser(31756): parsePkgDataJsonObj(), packageName: com.samsung.android.contacts
,02-06 18:52:02.685 D/PkgData (31756): PkgData(), pkgName: com.samsung.android.contacts
02-06 18:52:02.685 D/PkgData (31756): setCustomFeatureFlag, pkgName: com.samsung.android.contacts, old featureFlag: 274882278167, new featureFlag: 274882278167
,02-06 18:52:02.685 D/ResponseParser(31756): category_code: no-package
02-06 18:52:02.685 D/ResponseParser(31756): categorized_by: 2
02-06 18:52:02.685 D/ResponseParser(31756): game_genre: N/A
02-06 18:52:02.685 D/ResponseParser(31756): No value for default_dss
02-06 18:52:02.685 D/ResponseParser(31756): No value for default_dfs
02-06 18:52:02.685 D/ResponseParser(31756): No value for default_dts
,02-06 18:52:02.685 D/ResponseParser(31756): No value for default_odtc
02-06 18:52:02.685 D/ResponseParser(31756): No value for each_mode_dss
02-06 18:52:02.685 D/ResponseParser(31756): No value for each_mode_dfs
02-06 18:52:02.695 D/ResponseParser(31756): No value for each_mode_dts
02-06 18:52:02.695 D/ResponseParser(31756): No value for each_mode_odtc
,02-06 18:52:02.695 D/ResponseParser(31756): No value for feature_flag_inst
02-06 18:52:02.695 D/ResponseParser(31756): No value for aspect_ratio_values
02-06 18:52:02.695 D/ResponseParser(31756): No value for aspect_ratio_recommended
02-06 18:52:02.695 D/ResponseParser(31756): No value for siop_level
02-06 18:52:02.695 D/ResponseParser(31756): No value for default_cpu_level
02-06 18:52:02.695 D/ResponseParser(31756): No value for default_gpu_level
02-06 18:52:02.695 D/ResponseParser(31756): No value for cam_fps
02-06 18:52:02.695 D/ResponseParser(31756): No value for cam_binning
02-06 18:52:02.695 D/ResponseParser(31756): No value for default_target_short_side
02-06 18:52:02.695 D/ResponseParser(31756): No value for each_mode_target_short_side
,02-06 18:52:02.695 D/ResponseParser(31756): No value for governor_settings
02-06 18:52:02.695 D/ResponseParser(31756): JSONException. No value for shift_temperature
02-06 18:52:02.695 D/ResponseParser(31756): JSONException. No value for game_sdk
02-06 18:52:02.695 D/ResponseParser(31756): parsePkgDataJsonObj(), pkgName: com.samsung.android.contacts, customFeatureFlag: 274882278167
02-06 18:52:02.695 D/ResponseParser(31756): parsePkgDataJsonObj(), get data from existingPkgData, pkgName: com.samsung.android.contacts, customFeatureFlag: 274882278167
02-06 18:52:02.695 D/FeaturePolicyParser(31756): isValidCondition(), map : {service_ver=9.2, optimizer_ver=1189.0, manager_ver=3.9, os_sdk_ver=23.0}
02-06 18:52:02.695 D/ResponseParser(31756): parsePkgDataJsonObj(), serverFeatureFlagPolicy changed by JSON policy : null
02-06 18:52:02.695 D/ActivityManager( 2924): cleanUpApplicationRecord -- 31302
,02-06 18:52:02.695 D/ActivityManager( 2924): removeProcessNameLocked mProcessNames.remove pid=31302 ,hash=50432269 ,name=com.samsung.android.coreapps
,02-06 18:52:02.695 D/PackageManager( 2924): setEnabledSetting : userId = 0 packageName = com.sec.android.app.sns3 cmp = com.sec.android.app.sns3.svc.sp.facebook.SnsFbServiceForAuthToken newState = 2 callingPackage = 10039
,02-06 18:52:02.695 D/PackageManager( 2924): setEnabledSetting : userId = 0 packageName = com.sec.android.app.sns3 cmp = com.sec.android.app.sns3.auth.sp.twitter.SnsAccountTwAuthenticatorService newState = 2 callingPackage = 10039
,02-06 18:52:02.695 D/PackageManager( 2924): setEnabledSetting : userId = 0 packageName = com.sec.android.app.sns3 cmp = com.sec.android.app.sns3.auth.sp.twitter.SnsAccountTwAuthSSOReceiver newState = 2 callingPackage = 10039
,02-06 18:52:02.695 D/PackageManager( 2924): setEnabledSetting : userId = 0 packageName = com.sec.android.app.sns3 cmp = com.sec.android.app.sns3.svc.sp.twitter.SnsTwService newState = 2 callingPackage = 10039
02-06 18:52:02.695 D/DatabaseHelper(31756): setPkgIpmPolicy(), update com.samsung.android.contacts
02-06 18:52:02.695 D/PackageManager( 2924): setEnabledSetting : userId = 0 packageName = com.sec.android.app.sns3 cmp = com.sec.android.app.sns3.svc.sp.twitter.SnsTwServiceForAuthToken newState = 2 callingPackage = 10039
02-06 18:52:02.695 D/PkgData (31756): PkgData(), pkgName: com.samsung.android.contacts
02-06 18:52:02.695 D/PkgData (31756): setCustomFeatureFlag, pkgName: com.samsung.android.contacts, old featureFlag: 274882278167, new featureFlag: 274882278167
02-06 18:52:02.695 D/DataManager(31756): updatePackageList(), isDeviceSupported: true
,02-06 18:52:02.695 D/PkgData (31756): PkgData(), pkgName: com.google.android.googlequicksearchbox
02-06 18:52:02.695 D/PkgData (31756): setCustomFeatureFlag, pkgName: com.google.android.googlequicksearchbox, old featureFlag: 274882278167, new featureFlag: 274882278167
,02-06 18:52:02.695 D/PackageManager( 2924): setEnabledSetting : userId = 0 packageName = com.sec.android.app.sns3 cmp = com.sec.android.app.sns3.auth.sp.linkedin.SnsAccountLiAuthenticatorService newState = 1 callingPackage = 10039
,02-06 18:52:02.705 D/PackageManager( 2924): setEnabledSetting : userId = 0 packageName = com.sec.android.app.sns3 cmp = com.sec.android.app.sns3.auth.sp.linkedin.SnsAccountLiAuthSSOReceiver newState = 1 callingPackage = 10039
,02-06 18:52:02.705 D/PackageManager( 2924): setEnabledSetting : userId = 0 packageName = com.sec.android.app.sns3 cmp = com.sec.android.app.sns3.auth.sp.googleplus.SnsAccountGpAuthenticatorService newState = 2 callingPackage = 10039
,02-06 18:52:02.705 D/DatabaseHelper(31756): updateOrAddPkgData(), update com.google.android.googlequicksearchbox
02-06 18:52:02.705 D/PackageManager( 2924): setEnabledSetting : userId = 0 packageName = com.sec.android.app.sns3 cmp = com.sec.android.app.sns3.auth.sp.googleplus.SnsAccountGpAuthSSOReceiver newState = 2 callingPackage = 10039
,02-06 18:52:02.705 D/PackageManager( 2924): setEnabledSetting : userId = 0 packageName = com.sec.android.app.sns3 cmp = com.sec.android.app.sns3.svc.sp.googleplus.SnsGpService newState = 2 callingPackage = 10039
,02-06 18:52:02.705 D/PkgData (31756): PkgData(), pkgName: com.samsung.android.calendar
02-06 18:52:02.705 D/PkgData (31756): setCustomFeatureFlag, pkgName: com.samsung.android.calendar, old featureFlag: 274882278167, new featureFlag: 274882278167
02-06 18:52:02.705 D/PackageManager( 2924): setEnabledSetting : userId = 0 packageName = com.sec.android.app.sns3 cmp = com.sec.android.app.sns3.svc.sp.googleplus.SnsGpServiceForAuthToken newState = 2 callingPackage = 10039
02-06 18:52:02.715 D/PackageManager( 2924): setEnabledSetting : userId = 0 packageName = com.sec.android.app.sns3 cmp = com.sec.android.app.sns3.auth.sp.foursquare.SnsAccountFsAuthenticatorService newState = 2 callingPackage = 10039
,02-06 18:52:02.715 D/PackageManager( 2924): setEnabledSetting : userId = 0 packageName = com.sec.android.app.sns3 cmp = com.sec.android.app.sns3.auth.sp.foursquare.SnsAccountFsAuthSSOReceiver newState = 2 callingPackage = 10039
,02-06 18:52:02.715 D/PackageManager( 2924): setEnabledSetting : userId = 0 packageName = com.sec.android.app.sns3 cmp = com.sec.android.app.sns3.svc.sp.foursquare.SnsFsService newState = 2 callingPackage = 10039
,02-06 18:52:02.715 D/PackageManager( 2924): setEnabledSetting : userId = 0 packageName = com.sec.android.app.sns3 cmp = com.sec.android.app.sns3.svc.sp.foursquare.SnsFsServiceForAuthToken newState = 2 callingPackage = 10039
,02-06 18:52:02.715 D/PackageManager( 2924): setEnabledSetting : userId = 0 packageName = com.sec.android.app.sns3 cmp = com.sec.android.app.sns3.auth.sp.instagram.SnsAccountInAuthenticatorService newState = 2 callingPackage = 10039
,02-06 18:52:02.725 D/LocationManagerService( 2924): request 5929927 passive Request[POWER_NONE passive fastest=0] from com.google.android.gms(15010020)
,02-06 18:52:02.725 D/LocationManagerService( 2924): provider request: passive ProviderRequest[ON interval=0]
,02-06 18:52:02.725 D/DatabaseHelper(31756): updateOrAddPkgData(), update com.samsung.android.calendar
,02-06 18:52:02.725 D/PkgData (31756): PkgData(), pkgName: com.sec.android.app.voicenote
02-06 18:52:02.725 D/PkgData (31756): setCustomFeatureFlag, pkgName: com.sec.android.app.voicenote, old featureFlag: 274882278167, new featureFlag: 274882278167
,02-06 18:52:02.735 W/System.err(32045): remove failed: ENOENT (No such file or directory) : /data/user/0/com.sec.android.app.sns3/shared_prefs/LI_account.xml.bak
,02-06 18:52:02.735 W/Settings(31878): Setting airplane_mode_on has moved from android.provider.Settings.System to android.provider.Settings.Global, returning read-only value.
02-06 18:52:02.735 D/MountService( 2924): getExternalStorageMountMode : 1
02-06 18:52:02.735 D/MountService( 2924): getExternalStorageMountMode : 3
02-06 18:52:02.735 D/MountService( 2924): getExternalStorageMountMode : final mountMode=1, uid : 10050, packageName : com.samsung.android.email.provider
,02-06 18:52:02.735 D/DatabaseHelper(31756): updateOrAddPkgData(), update com.sec.android.app.voicenote
,02-06 18:52:02.735 D/PkgData (31756): PkgData(), pkgName: com.samsung.android.email.provider
02-06 18:52:02.735 D/PkgData (31756): setCustomFeatureFlag, pkgName: com.samsung.android.email.provider, old featureFlag: 274882278167, new featureFlag: 274882278167
,02-06 18:52:02.745 D/DatabaseHelper(31756): updateOrAddPkgData(), update com.samsung.android.email.provider
,02-06 18:52:02.745 D/PkgData (31756): PkgData(), pkgName: com.sec.android.app.samsungapps
02-06 18:52:02.745 E/Zygote  (32085): v2
02-06 18:52:02.745 I/libpersona(32085): KNOX_SDCARD checking this for 10050
02-06 18:52:02.745 E/Zygote  (32085): isSdpEnabledProcess - SDP enabled
02-06 18:52:02.745 I/libpersona(32085): KNOX_SDCARD not a persona
,02-06 18:52:02.745 W/SELinux (32085): Function: selinux_compare_spd_ram, index[1], priority [2], priority version is VE=SEPF_SECMOBILE_6.0.1_0034
02-06 18:52:02.745 D/PkgData (31756): setCustomFeatureFlag, pkgName: com.sec.android.app.samsungapps, old featureFlag: 274882278167, new featureFlag: 274882278167
02-06 18:52:02.755 E/Zygote  (32085): accessInfo : 64
02-06 18:52:02.755 I/ActivityManager( 2924): Start proc 32085:com.samsung.android.email.provider:service/u0a50 for broadcast-3 com.samsung.android.email.provider/.service.EmailProviderBroadcastReceiver
02-06 18:52:02.755 E/Zygote  (32085): isSdpEnabledProcess - SDP enabled
02-06 18:52:02.755 E/Zygote  (32085): setSDPgroupsIntarray[pid]: 0 / [gid]: 10050 / [uid]: 10050
02-06 18:52:02.755 W/SELinux (32085): SELinux: seapp_context_lookup: seinfo=platform, level=s0:c512,c768, pkgname=com.samsung.android.email.provider:service 
,02-06 18:52:02.755 I/ActivityManager( 2924): KPU : put [com.samsung.android.smartcallprovider] : 9152 K
02-06 18:52:02.755 I/ActivityManager( 2924): Killing 31314:com.samsung.android.smartcallprovider/u0a135 (adj 15): DHA:empty #31
,02-06 18:52:02.765 D/DatabaseHelper(31756): updateOrAddPkgData(), update com.sec.android.app.samsungapps
,02-06 18:52:02.765 D/PkgData (31756): PkgData(), pkgName: com.samsung.android.messaging
02-06 18:52:02.765 D/PkgData (31756): setCustomFeatureFlag, pkgName: com.samsung.android.messaging, old featureFlag: 274882278167, new featureFlag: 274882278167
,02-06 18:52:02.765 D/AlarmManager( 2924): Cancel Alarm calling from uid:15010020 pid :31878 / operation:PendingIntent{5cc5d7d: PendingIntentRecord{2548af3 com.google.android.gms broadcastIntent}}
,02-06 18:52:02.765 D/AlarmManager( 2924): Cancel Alarm calling from uid:15010020 pid :31878 / operation:PendingIntent{82e1472: PendingIntentRecord{b7bd9ae com.google.android.gms broadcastIntent}}
02-06 18:52:02.765 D/AlarmManager( 2924): Cancel Alarm calling from uid:15010020 pid :31878 / operation:PendingIntent{805a0c3: PendingIntentRecord{6b70adc com.google.android.gms broadcastIntent}}
,02-06 18:52:02.765 D/AlarmManager( 2924): Cancel Alarm calling from uid:15010020 pid :31878 / operation:PendingIntent{b330d40: PendingIntentRecord{8afe2ba com.google.android.gms broadcastIntent}}
,02-06 18:52:02.765 D/AlarmManager( 2924): Cancel Alarm calling from uid:15010020 pid :31878 / operation:PendingIntent{2465479: PendingIntentRecord{17f8c8 com.google.android.gms broadcastIntent}}
,02-06 18:52:02.775 D/DatabaseHelper(31756): updateOrAddPkgData(), update com.samsung.android.messaging
